###############################################################
#  Generated by:      Cadence Tempus 20.10-p003_1
#  OS:                Linux x86_64(Host ID edatools-server1.iiitd.edu.in)
#  Generated on:      Sat Sep 19 15:18:35 2026
#  Design:            simple_mac
#  Command:           report_timing -late -nworst 5  -path_type full_clock > ../sta_report/baseline_top5_detailed.rpt
###############################################################
Path 1: VIOLATED Setup Check with Pin mult_result_reg[14]/CK 
Endpoint:   mult_result_reg[14]/SI (^) checked with  leading edge of 'clk'
Beginpoint: coef_sel[1]            (v) triggered by  leading edge of 'clk'
Path Groups: {clk}
Other End Arrival Time          0.000
- Setup                         1.020
+ Phase Shift                   5.000
- Uncertainty                   0.200
= Required Time                 3.780
- Arrival Time                  5.089
= Slack Time                   -1.309
     Clock Rise Edge                      0.000
     + Input Delay                        1.500
     = Beginpoint Arrival Time            1.500
     Timing Path:
      ----------------------------------------------------------------------
      Instance             Arc            Cell      Delay  Arrival  Required  
                                                           Time     Time  
      ----------------------------------------------------------------------
      -                    coef_sel[1] v  -         -      1.500    0.191  
      g2812                A v -> ZN ^    INV_X32   0.071  1.571    0.262  
      g2806                A1 ^ -> ZN v   NAND2_X4  0.070  1.641    0.332  
      g2800                A v -> ZN ^    INV_X8    0.085  1.726    0.417  
      g2771                A2 ^ -> ZN v   NAND2_X1  0.068  1.793    0.484  
      g2766                A2 v -> ZN v   AND2_X2   0.225  2.019    0.710  
      g2744                A2 v -> ZN ^   NAND2_X4  0.174  2.192    0.883  
      mul_58_40/g5211      A2 ^ -> ZN v   NAND2_X1  0.124  2.316    1.007  
      mul_58_40/fopt5300   A v -> ZN ^    INV_X8    0.089  2.404    1.095  
      mul_58_40/g5027      A1 ^ -> ZN v   NAND2_X1  0.062  2.466    1.157  
      mul_58_40/g4982      A2 v -> ZN ^   NAND2_X1  0.139  2.605    1.296  
      mul_58_40/g4873      A2 ^ -> ZN v   NAND2_X1  0.114  2.719    1.410  
      mul_58_40/g4857      A2 v -> ZN ^   NAND2_X4  0.163  2.882    1.574  
      mul_58_40/g4833      A ^ -> ZN v    INV_X8    0.065  2.947    1.638  
      mul_58_40/g4781      A2 v -> ZN ^   NAND2_X1  0.109  3.055    1.747  
      mul_58_40/g4722      A2 ^ -> ZN v   NAND2_X1  0.079  3.135    1.826  
      mul_58_40/g4685      A2 v -> ZN ^   NAND2_X1  0.170  3.305    1.996  
      mul_58_40/g4669      A ^ -> ZN v    INV_X2    0.080  3.385    2.076  
      mul_58_40/g4623      A1 v -> ZN ^   NAND2_X1  0.101  3.486    2.177  
      mul_58_40/g4614      A2 ^ -> ZN v   NAND2_X1  0.090  3.576    2.267  
      mul_58_40/g4603      A v -> ZN ^    INV_X4    0.086  3.661    2.352  
      mul_58_40/g4569      A2 ^ -> ZN v   NAND2_X1  0.064  3.725    2.416  
      mul_58_40/g4565      A2 v -> ZN ^   NAND2_X1  0.159  3.884    2.575  
      mul_58_40/g4557      A ^ -> ZN v    INV_X1    0.065  3.949    2.640  
      mul_58_40/g4536      A2 v -> ZN ^   NAND2_X1  0.135  4.084    2.776  
      mul_58_40/fopt5387   A ^ -> Z ^     BUF_X16   0.155  4.239    2.930  
      mul_58_40/g4471      A1 ^ -> ZN v   NAND2_X1  0.058  4.298    2.989  
      mul_58_40/g4467      A1 v -> ZN ^   NAND2_X1  0.105  4.402    3.093  
      mul_58_40/g4454      A1 ^ -> ZN v   NAND4_X1  0.140  4.543    3.234  
      mul_58_40/g4445      A2 v -> ZN ^   NAND3_X1  0.206  4.749    3.440  
      mul_58_40/g4438      A2 ^ -> ZN v   NAND2_X1  0.109  4.857    3.548  
      mul_58_40/g4435      A v -> ZN ^    OAI21_X1  0.232  5.089    3.780  
      mult_result_reg[14]  SI ^           SDFFR_X2  0.000  5.089    3.780  
      ----------------------------------------------------------------------
     Clock Rise Edge                      0.000
     = Beginpoint Arrival Time            0.000
     Other End Path:
      --------------------------------------------------------------
      Instance             Arc    Cell      Delay  Arrival  Required  
                                                   Time     Time  
      --------------------------------------------------------------
      -                    clk ^  -         -      0.000    1.309  
      mult_result_reg[14]  CK ^   SDFFR_X2  0.000  0.000    1.309  
      --------------------------------------------------------------
Path 2: VIOLATED Setup Check with Pin mult_result_reg[13]/CK 
Endpoint:   mult_result_reg[13]/SI (v) checked with  leading edge of 'clk'
Beginpoint: coef_sel[1]            (v) triggered by  leading edge of 'clk'
Path Groups: {clk}
Other End Arrival Time          0.000
- Setup                         1.082
+ Phase Shift                   5.000
- Uncertainty                   0.200
= Required Time                 3.718
- Arrival Time                  5.020
= Slack Time                   -1.302
     Clock Rise Edge                      0.000
     + Input Delay                        1.500
     = Beginpoint Arrival Time            1.500
     Timing Path:
      ----------------------------------------------------------------------
      Instance             Arc            Cell      Delay  Arrival  Required  
                                                           Time     Time  
      ----------------------------------------------------------------------
      -                    coef_sel[1] v  -         -      1.500    0.198  
      g2812                A v -> ZN ^    INV_X32   0.071  1.571    0.268  
      g2806                A1 ^ -> ZN v   NAND2_X4  0.070  1.641    0.339  
      g2800                A v -> ZN ^    INV_X8    0.085  1.726    0.423  
      g2771                A2 ^ -> ZN v   NAND2_X1  0.068  1.793    0.491  
      g2766                A2 v -> ZN v   AND2_X2   0.225  2.019    0.716  
      g2744                A2 v -> ZN ^   NAND2_X4  0.174  2.192    0.890  
      mul_58_40/g5211      A2 ^ -> ZN v   NAND2_X1  0.124  2.316    1.013  
      mul_58_40/fopt5300   A v -> ZN ^    INV_X8    0.089  2.404    1.102  
      mul_58_40/g5027      A1 ^ -> ZN v   NAND2_X1  0.062  2.466    1.164  
      mul_58_40/g4982      A2 v -> ZN ^   NAND2_X1  0.139  2.605    1.303  
      mul_58_40/g4873      A2 ^ -> ZN v   NAND2_X1  0.114  2.719    1.417  
      mul_58_40/g4857      A2 v -> ZN ^   NAND2_X4  0.163  2.882    1.580  
      mul_58_40/g4833      A ^ -> ZN v    INV_X8    0.065  2.947    1.645  
      mul_58_40/g4781      A2 v -> ZN ^   NAND2_X1  0.109  3.055    1.753  
      mul_58_40/g4722      A2 ^ -> ZN v   NAND2_X1  0.079  3.135    1.833  
      mul_58_40/g4685      A2 v -> ZN ^   NAND2_X1  0.170  3.305    2.003  
      mul_58_40/g4669      A ^ -> ZN v    INV_X2    0.080  3.385    2.083  
      mul_58_40/g4623      A1 v -> ZN ^   NAND2_X1  0.101  3.486    2.184  
      mul_58_40/g4614      A2 ^ -> ZN v   NAND2_X1  0.090  3.576    2.274  
      mul_58_40/g4603      A v -> ZN ^    INV_X4    0.086  3.661    2.359  
      mul_58_40/g4569      A2 ^ -> ZN v   NAND2_X1  0.064  3.725    2.423  
      mul_58_40/g4565      A2 v -> ZN ^   NAND2_X1  0.159  3.884    2.582  
      mul_58_40/g4557      A ^ -> ZN v    INV_X1    0.065  3.949    2.647  
      mul_58_40/g4536      A2 v -> ZN ^   NAND2_X1  0.135  4.084    2.782  
      mul_58_40/g4499      A2 ^ -> ZN v   NAND2_X1  0.101  4.185    2.883  
      mul_58_40/fopt5319   A v -> ZN ^    INV_X1    0.077  4.262    2.960  
      mul_58_40/g5242      A1 ^ -> ZN ^   AND3_X2   0.172  4.434    3.132  
      mul_58_40/g4462      A1 ^ -> ZN v   NAND2_X1  0.067  4.501    3.199  
      mul_58_40/g4453      A1 v -> ZN ^   NAND3_X1  0.165  4.666    3.363  
      mul_58_40/g4443      A1 ^ -> ZN v   NAND2_X1  0.125  4.790    3.488  
      mul_58_40/g5289      A2 v -> ZN ^   NAND2_X1  0.129  4.919    3.617  
      mul_58_40/g4431      A2 ^ -> ZN v   NAND2_X1  0.101  5.020    3.718  
      mult_result_reg[13]  SI v           SDFFR_X2  0.000  5.020    3.718  
      ----------------------------------------------------------------------
     Clock Rise Edge                      0.000
     = Beginpoint Arrival Time            0.000
     Other End Path:
      --------------------------------------------------------------
      Instance             Arc    Cell      Delay  Arrival  Required  
                                                   Time     Time  
      --------------------------------------------------------------
      -                    clk ^  -         -      0.000    1.302  
      mult_result_reg[13]  CK ^   SDFFR_X2  0.000  0.000    1.302  
      --------------------------------------------------------------
Path 3: VIOLATED Setup Check with Pin mult_result_reg[14]/CK 
Endpoint:   mult_result_reg[14]/SI (^) checked with  leading edge of 'clk'
Beginpoint: coef_sel[1]            (v) triggered by  leading edge of 'clk'
Path Groups: {clk}
Other End Arrival Time          0.000
- Setup                         1.020
+ Phase Shift                   5.000
- Uncertainty                   0.200
= Required Time                 3.780
- Arrival Time                  5.081
= Slack Time                   -1.301
     Clock Rise Edge                      0.000
     + Input Delay                        1.500
     = Beginpoint Arrival Time            1.500
     Timing Path:
      ----------------------------------------------------------------------
      Instance             Arc            Cell      Delay  Arrival  Required  
                                                           Time     Time  
      ----------------------------------------------------------------------
      -                    coef_sel[1] v  -         -      1.500    0.199  
      g2812                A v -> ZN ^    INV_X32   0.071  1.571    0.270  
      g2819                A2 ^ -> ZN v   NAND2_X1  0.078  1.649    0.348  
      fopt                 A v -> ZN ^    INV_X8    0.119  1.768    0.467  
      g2776                A1 ^ -> ZN v   NAND2_X4  0.078  1.846    0.545  
      g2836                A1 v -> ZN v   AND2_X2   0.198  2.045    0.744  
      g2744                A1 v -> ZN ^   NAND2_X4  0.139  2.184    0.883  
      mul_58_40/g5211      A2 ^ -> ZN v   NAND2_X1  0.124  2.307    1.007  
      mul_58_40/fopt5300   A v -> ZN ^    INV_X8    0.089  2.396    1.095  
      mul_58_40/g5027      A1 ^ -> ZN v   NAND2_X1  0.062  2.458    1.157  
      mul_58_40/g4982      A2 v -> ZN ^   NAND2_X1  0.139  2.597    1.296  
      mul_58_40/g4873      A2 ^ -> ZN v   NAND2_X1  0.114  2.711    1.410  
      mul_58_40/g4857      A2 v -> ZN ^   NAND2_X4  0.163  2.874    1.574  
      mul_58_40/g4833      A ^ -> ZN v    INV_X8    0.065  2.939    1.638  
      mul_58_40/g4781      A2 v -> ZN ^   NAND2_X1  0.109  3.047    1.747  
      mul_58_40/g4722      A2 ^ -> ZN v   NAND2_X1  0.079  3.127    1.826  
      mul_58_40/g4685      A2 v -> ZN ^   NAND2_X1  0.170  3.297    1.996  
      mul_58_40/g4669      A ^ -> ZN v    INV_X2    0.080  3.377    2.076  
      mul_58_40/g4623      A1 v -> ZN ^   NAND2_X1  0.101  3.478    2.177  
      mul_58_40/g4614      A2 ^ -> ZN v   NAND2_X1  0.090  3.568    2.267  
      mul_58_40/g4603      A v -> ZN ^    INV_X4    0.086  3.653    2.352  
      mul_58_40/g4569      A2 ^ -> ZN v   NAND2_X1  0.064  3.717    2.416  
      mul_58_40/g4565      A2 v -> ZN ^   NAND2_X1  0.159  3.876    2.575  
      mul_58_40/g4557      A ^ -> ZN v    INV_X1    0.065  3.941    2.640  
      mul_58_40/g4536      A2 v -> ZN ^   NAND2_X1  0.135  4.076    2.776  
      mul_58_40/fopt5387   A ^ -> Z ^     BUF_X16   0.155  4.231    2.930  
      mul_58_40/g4471      A1 ^ -> ZN v   NAND2_X1  0.058  4.289    2.989  
      mul_58_40/g4467      A1 v -> ZN ^   NAND2_X1  0.105  4.394    3.093  
      mul_58_40/g4454      A1 ^ -> ZN v   NAND4_X1  0.140  4.534    3.234  
      mul_58_40/g4445      A2 v -> ZN ^   NAND3_X1  0.206  4.740    3.440  
      mul_58_40/g4438      A2 ^ -> ZN v   NAND2_X1  0.109  4.849    3.548  
      mul_58_40/g4435      A v -> ZN ^    OAI21_X1  0.232  5.081    3.780  
      mult_result_reg[14]  SI ^           SDFFR_X2  0.000  5.081    3.780  
      ----------------------------------------------------------------------
     Clock Rise Edge                      0.000
     = Beginpoint Arrival Time            0.000
     Other End Path:
      --------------------------------------------------------------
      Instance             Arc    Cell      Delay  Arrival  Required  
                                                   Time     Time  
      --------------------------------------------------------------
      -                    clk ^  -         -      0.000    1.301  
      mult_result_reg[14]  CK ^   SDFFR_X2  0.000  0.000    1.301  
      --------------------------------------------------------------
Path 4: VIOLATED Setup Check with Pin mult_result_reg[14]/CK 
Endpoint:   mult_result_reg[14]/SI (^) checked with  leading edge of 'clk'
Beginpoint: coef_sel[0]            (v) triggered by  leading edge of 'clk'
Path Groups: {clk}
Other End Arrival Time          0.000
- Setup                         1.020
+ Phase Shift                   5.000
- Uncertainty                   0.200
= Required Time                 3.780
- Arrival Time                  5.080
= Slack Time                   -1.299
     Clock Rise Edge                      0.000
     + Input Delay                        1.500
     = Beginpoint Arrival Time            1.500
     Timing Path:
      ----------------------------------------------------------------------
      Instance             Arc            Cell      Delay  Arrival  Required  
                                                           Time     Time  
      ----------------------------------------------------------------------
      -                    coef_sel[0] v  -         -      1.500    0.201  
      g2806                A2 v -> ZN ^   NAND2_X4  0.118  1.618    0.319  
      g2800                A ^ -> ZN v    INV_X8    0.067  1.686    0.386  
      g2771                A2 v -> ZN ^   NAND2_X1  0.109  1.795    0.496  
      g2766                A2 ^ -> ZN ^   AND2_X2   0.218  2.013    0.714  
      g2744                A2 ^ -> ZN v   NAND2_X4  0.114  2.127    0.828  
      mul_58_40/g5211      A2 v -> ZN ^   NAND2_X1  0.165  2.292    0.993  
      mul_58_40/fopt5300   A ^ -> ZN v    INV_X8    0.073  2.365    1.066  
      mul_58_40/g5027      A1 v -> ZN ^   NAND2_X1  0.099  2.464    1.165  
      mul_58_40/g4982      A2 ^ -> ZN v   NAND2_X1  0.090  2.554    1.254  
      mul_58_40/g4962      A v -> ZN ^    INV_X2    0.120  2.673    1.374  
      mul_58_40/g4916      A1 ^ -> ZN v   NAND2_X4  0.081  2.755    1.455  
      mul_58_40/g4857      A1 v -> ZN ^   NAND2_X4  0.118  2.873    1.574  
      mul_58_40/g4833      A ^ -> ZN v    INV_X8    0.065  2.937    1.638  
      mul_58_40/g4781      A2 v -> ZN ^   NAND2_X1  0.109  3.046    1.747  
      mul_58_40/g4722      A2 ^ -> ZN v   NAND2_X1  0.079  3.125    1.826  
      mul_58_40/g4685      A2 v -> ZN ^   NAND2_X1  0.170  3.295    1.996  
      mul_58_40/g4669      A ^ -> ZN v    INV_X2    0.080  3.376    2.076  
      mul_58_40/g4623      A1 v -> ZN ^   NAND2_X1  0.101  3.476    2.177  
      mul_58_40/g4614      A2 ^ -> ZN v   NAND2_X1  0.090  3.566    2.267  
      mul_58_40/g4603      A v -> ZN ^    INV_X4    0.086  3.652    2.352  
      mul_58_40/g4569      A2 ^ -> ZN v   NAND2_X1  0.064  3.716    2.416  
      mul_58_40/g4565      A2 v -> ZN ^   NAND2_X1  0.159  3.874    2.575  
      mul_58_40/g4557      A ^ -> ZN v    INV_X1    0.065  3.939    2.640  
      mul_58_40/g4536      A2 v -> ZN ^   NAND2_X1  0.135  4.075    2.776  
      mul_58_40/fopt5387   A ^ -> Z ^     BUF_X16   0.155  4.229    2.930  
      mul_58_40/g4471      A1 ^ -> ZN v   NAND2_X1  0.058  4.288    2.989  
      mul_58_40/g4467      A1 v -> ZN ^   NAND2_X1  0.105  4.393    3.093  
      mul_58_40/g4454      A1 ^ -> ZN v   NAND4_X1  0.140  4.533    3.234  
      mul_58_40/g4445      A2 v -> ZN ^   NAND3_X1  0.206  4.739    3.440  
      mul_58_40/g4438      A2 ^ -> ZN v   NAND2_X1  0.109  4.848    3.548  
      mul_58_40/g4435      A v -> ZN ^    OAI21_X1  0.232  5.080    3.780  
      mult_result_reg[14]  SI ^           SDFFR_X2  0.000  5.080    3.780  
      ----------------------------------------------------------------------
     Clock Rise Edge                      0.000
     = Beginpoint Arrival Time            0.000
     Other End Path:
      --------------------------------------------------------------
      Instance             Arc    Cell      Delay  Arrival  Required  
                                                   Time     Time  
      --------------------------------------------------------------
      -                    clk ^  -         -      0.000    1.299  
      mult_result_reg[14]  CK ^   SDFFR_X2  0.000  0.000    1.299  
      --------------------------------------------------------------
Path 5: VIOLATED Setup Check with Pin mult_result_reg[14]/CK 
Endpoint:   mult_result_reg[14]/SI (^) checked with  leading edge of 'clk'
Beginpoint: coef_sel[0]            (^) triggered by  leading edge of 'clk'
Path Groups: {clk}
Other End Arrival Time          0.000
- Setup                         1.020
+ Phase Shift                   5.000
- Uncertainty                   0.200
= Required Time                 3.780
- Arrival Time                  5.079
= Slack Time                   -1.298
     Clock Rise Edge                      0.000
     + Input Delay                        1.500
     = Beginpoint Arrival Time            1.500
     Timing Path:
      ----------------------------------------------------------------------
      Instance             Arc            Cell      Delay  Arrival  Required  
                                                           Time     Time  
      ----------------------------------------------------------------------
      -                    coef_sel[0] ^  -         -      1.500    0.202  
      g2815                A ^ -> ZN v    INV_X32   0.015  1.515    0.217  
      g2809                A2 v -> ZN ^   NAND2_X1  0.120  1.636    0.338  
      g2805                A ^ -> ZN v    INV_X8    0.073  1.709    0.411  
      g2777                A2 v -> ZN ^   NAND2_X1  0.110  1.819    0.521  
      g2764                A2 ^ -> ZN v   NAND2_X1  0.086  1.905    0.607  
      g2759                A v -> ZN ^    INV_X2    0.115  2.021    0.723  
      g2738                A1 ^ -> ZN v   NAND2_X4  0.101  2.122    0.824  
      mul_58_40/g5125      A2 v -> ZN ^   NAND2_X1  0.164  2.286    0.988  
      mul_58_40/g5089      A ^ -> ZN v    INV_X1    0.065  2.351    1.053  
      mul_58_40/g5072      A2 v -> ZN ^   NAND2_X1  0.109  2.460    1.162  
      mul_58_40/g4994      A2 ^ -> ZN v   NAND2_X1  0.098  2.558    1.260  
      mul_58_40/g4920      A2 v -> ZN ^   NAND2_X1  0.159  2.717    1.419  
      mul_58_40/g4819      A1 ^ -> ZN v   NAND2_X4  0.099  2.815    1.517  
      mul_58_40/fopt5324   A v -> ZN ^    INV_X8    0.081  2.897    1.599  
      mul_58_40/g4782      A2 ^ -> ZN v   NAND2_X1  0.062  2.958    1.660  
      mul_58_40/g4727      A2 v -> ZN ^   NAND2_X1  0.142  3.101    1.803  
      mul_58_40/g4711      A ^ -> ZN v    INV_X4    0.072  3.172    1.874  
      mul_58_40/g4658      A1 v -> ZN ^   NAND2_X1  0.133  3.305    2.007  
      mul_58_40/g4652      A1 ^ -> ZN v   NAND2_X4  0.104  3.409    2.111  
      mul_58_40/g4638      A v -> ZN ^    INV_X8    0.087  3.496    2.198  
      mul_58_40/g4597      A1 ^ -> ZN v   NAND2_X1  0.065  3.562    2.263  
      mul_58_40/g4587      A1 v -> ZN ^   NAND2_X1  0.128  3.690    2.392  
      mul_58_40/g4577      A ^ -> ZN v    INV_X2    0.084  3.774    2.476  
      mul_58_40/g4539      A1 v -> ZN ^   NAND2_X4  0.099  3.873    2.575  
      mul_58_40/g4534      A1 ^ -> ZN v   NAND2_X4  0.085  3.958    2.660  
      mul_58_40/g4514      A2 v -> ZN ^   NAND2_X1  0.143  4.102    2.803  
      mul_58_40/g4487      A2 ^ -> ZN v   NAND2_X1  0.105  4.207    2.908  
      mul_58_40/fopt5333   A v -> ZN ^    INV_X2    0.101  4.308    3.010  
      mul_58_40/g4467      A2 ^ -> ZN v   NAND2_X1  0.066  4.374    3.076  
      mul_58_40/g4454      A1 v -> ZN ^   NAND4_X1  0.158  4.532    3.234  
      mul_58_40/g4445      A2 ^ -> ZN v   NAND3_X1  0.161  4.693    3.395  
      mul_58_40/g4435      B1 v -> ZN ^   OAI21_X1  0.386  5.079    3.780  
      mult_result_reg[14]  SI ^           SDFFR_X2  0.000  5.079    3.780  
      ----------------------------------------------------------------------
     Clock Rise Edge                      0.000
     = Beginpoint Arrival Time            0.000
     Other End Path:
      --------------------------------------------------------------
      Instance             Arc    Cell      Delay  Arrival  Required  
                                                   Time     Time  
      --------------------------------------------------------------
      -                    clk ^  -         -      0.000    1.298  
      mult_result_reg[14]  CK ^   SDFFR_X2  0.000  0.000    1.298  
      --------------------------------------------------------------

