###############################################################
#  Generated by:      Cadence Tempus 20.10-p003_1
#  OS:                Linux x86_64(Host ID edatools-server1.iiitd.edu.in)
#  Generated on:      Sat Sep 19 15:18:34 2026
#  Design:            simple_mac
#  Command:           report_timing -late -nworst 10 -max_paths 20   > ../sta_report/baseline_setup_top20.rpt
###############################################################
Path 1: VIOLATED Setup Check with Pin mult_result_reg[14]/CK 
Endpoint:   mult_result_reg[14]/SI (^) checked with  leading edge of 'clk'
Beginpoint: coef_sel[1]            (v) triggered by  leading edge of 'clk'
Path Groups: {clk}
Other End Arrival Time          0.000
- Setup                         1.020
+ Phase Shift                   5.000
- Uncertainty                   0.200
= Required Time                 3.780
- Arrival Time                  5.089
= Slack Time                   -1.309
     Clock Rise Edge                      0.000
     + Input Delay                        1.500
     = Beginpoint Arrival Time            1.500
      ----------------------------------------------------------------------
      Instance             Arc            Cell      Delay  Arrival  Required  
                                                           Time     Time  
      ----------------------------------------------------------------------
      -                    coef_sel[1] v  -         -      1.500    0.191  
      g2812                A v -> ZN ^    INV_X32   0.071  1.571    0.262  
      g2806                A1 ^ -> ZN v   NAND2_X4  0.070  1.641    0.332  
      g2800                A v -> ZN ^    INV_X8    0.085  1.726    0.417  
      g2771                A2 ^ -> ZN v   NAND2_X1  0.068  1.793    0.484  
      g2766                A2 v -> ZN v   AND2_X2   0.225  2.019    0.710  
      g2744                A2 v -> ZN ^   NAND2_X4  0.174  2.192    0.883  
      mul_58_40/g5211      A2 ^ -> ZN v   NAND2_X1  0.124  2.316    1.007  
      mul_58_40/fopt5300   A v -> ZN ^    INV_X8    0.089  2.404    1.095  
      mul_58_40/g5027      A1 ^ -> ZN v   NAND2_X1  0.062  2.466    1.157  
      mul_58_40/g4982      A2 v -> ZN ^   NAND2_X1  0.139  2.605    1.296  
      mul_58_40/g4873      A2 ^ -> ZN v   NAND2_X1  0.114  2.719    1.410  
      mul_58_40/g4857      A2 v -> ZN ^   NAND2_X4  0.163  2.882    1.574  
      mul_58_40/g4833      A ^ -> ZN v    INV_X8    0.065  2.947    1.638  
      mul_58_40/g4781      A2 v -> ZN ^   NAND2_X1  0.109  3.055    1.747  
      mul_58_40/g4722      A2 ^ -> ZN v   NAND2_X1  0.079  3.135    1.826  
      mul_58_40/g4685      A2 v -> ZN ^   NAND2_X1  0.170  3.305    1.996  
      mul_58_40/g4669      A ^ -> ZN v    INV_X2    0.080  3.385    2.076  
      mul_58_40/g4623      A1 v -> ZN ^   NAND2_X1  0.101  3.486    2.177  
      mul_58_40/g4614      A2 ^ -> ZN v   NAND2_X1  0.090  3.576    2.267  
      mul_58_40/g4603      A v -> ZN ^    INV_X4    0.086  3.661    2.352  
      mul_58_40/g4569      A2 ^ -> ZN v   NAND2_X1  0.064  3.725    2.416  
      mul_58_40/g4565      A2 v -> ZN ^   NAND2_X1  0.159  3.884    2.575  
      mul_58_40/g4557      A ^ -> ZN v    INV_X1    0.065  3.949    2.640  
      mul_58_40/g4536      A2 v -> ZN ^   NAND2_X1  0.135  4.084    2.776  
      mul_58_40/fopt5387   A ^ -> Z ^     BUF_X16   0.155  4.239    2.930  
      mul_58_40/g4471      A1 ^ -> ZN v   NAND2_X1  0.058  4.298    2.989  
      mul_58_40/g4467      A1 v -> ZN ^   NAND2_X1  0.105  4.402    3.093  
      mul_58_40/g4454      A1 ^ -> ZN v   NAND4_X1  0.140  4.543    3.234  
      mul_58_40/g4445      A2 v -> ZN ^   NAND3_X1  0.206  4.749    3.440  
      mul_58_40/g4438      A2 ^ -> ZN v   NAND2_X1  0.109  4.857    3.548  
      mul_58_40/g4435      A v -> ZN ^    OAI21_X1  0.232  5.089    3.780  
      mult_result_reg[14]  SI ^           SDFFR_X2  0.000  5.089    3.780  
      ----------------------------------------------------------------------
Path 2: VIOLATED Setup Check with Pin mult_result_reg[13]/CK 
Endpoint:   mult_result_reg[13]/SI (v) checked with  leading edge of 'clk'
Beginpoint: coef_sel[1]            (v) triggered by  leading edge of 'clk'
Path Groups: {clk}
Other End Arrival Time          0.000
- Setup                         1.082
+ Phase Shift                   5.000
- Uncertainty                   0.200
= Required Time                 3.718
- Arrival Time                  5.020
= Slack Time                   -1.302
     Clock Rise Edge                      0.000
     + Input Delay                        1.500
     = Beginpoint Arrival Time            1.500
      ----------------------------------------------------------------------
      Instance             Arc            Cell      Delay  Arrival  Required  
                                                           Time     Time  
      ----------------------------------------------------------------------
      -                    coef_sel[1] v  -         -      1.500    0.198  
      g2812                A v -> ZN ^    INV_X32   0.071  1.571    0.268  
      g2806                A1 ^ -> ZN v   NAND2_X4  0.070  1.641    0.339  
      g2800                A v -> ZN ^    INV_X8    0.085  1.726    0.423  
      g2771                A2 ^ -> ZN v   NAND2_X1  0.068  1.793    0.491  
      g2766                A2 v -> ZN v   AND2_X2   0.225  2.019    0.716  
      g2744                A2 v -> ZN ^   NAND2_X4  0.174  2.192    0.890  
      mul_58_40/g5211      A2 ^ -> ZN v   NAND2_X1  0.124  2.316    1.013  
      mul_58_40/fopt5300   A v -> ZN ^    INV_X8    0.089  2.404    1.102  
      mul_58_40/g5027      A1 ^ -> ZN v   NAND2_X1  0.062  2.466    1.164  
      mul_58_40/g4982      A2 v -> ZN ^   NAND2_X1  0.139  2.605    1.303  
      mul_58_40/g4873      A2 ^ -> ZN v   NAND2_X1  0.114  2.719    1.417  
      mul_58_40/g4857      A2 v -> ZN ^   NAND2_X4  0.163  2.882    1.580  
      mul_58_40/g4833      A ^ -> ZN v    INV_X8    0.065  2.947    1.645  
      mul_58_40/g4781      A2 v -> ZN ^   NAND2_X1  0.109  3.055    1.753  
      mul_58_40/g4722      A2 ^ -> ZN v   NAND2_X1  0.079  3.135    1.833  
      mul_58_40/g4685      A2 v -> ZN ^   NAND2_X1  0.170  3.305    2.003  
      mul_58_40/g4669      A ^ -> ZN v    INV_X2    0.080  3.385    2.083  
      mul_58_40/g4623      A1 v -> ZN ^   NAND2_X1  0.101  3.486    2.184  
      mul_58_40/g4614      A2 ^ -> ZN v   NAND2_X1  0.090  3.576    2.274  
      mul_58_40/g4603      A v -> ZN ^    INV_X4    0.086  3.661    2.359  
      mul_58_40/g4569      A2 ^ -> ZN v   NAND2_X1  0.064  3.725    2.423  
      mul_58_40/g4565      A2 v -> ZN ^   NAND2_X1  0.159  3.884    2.582  
      mul_58_40/g4557      A ^ -> ZN v    INV_X1    0.065  3.949    2.647  
      mul_58_40/g4536      A2 v -> ZN ^   NAND2_X1  0.135  4.084    2.782  
      mul_58_40/g4499      A2 ^ -> ZN v   NAND2_X1  0.101  4.185    2.883  
      mul_58_40/fopt5319   A v -> ZN ^    INV_X1    0.077  4.262    2.960  
      mul_58_40/g5242      A1 ^ -> ZN ^   AND3_X2   0.172  4.434    3.132  
      mul_58_40/g4462      A1 ^ -> ZN v   NAND2_X1  0.067  4.501    3.199  
      mul_58_40/g4453      A1 v -> ZN ^   NAND3_X1  0.165  4.666    3.363  
      mul_58_40/g4443      A1 ^ -> ZN v   NAND2_X1  0.125  4.790    3.488  
      mul_58_40/g5289      A2 v -> ZN ^   NAND2_X1  0.129  4.919    3.617  
      mul_58_40/g4431      A2 ^ -> ZN v   NAND2_X1  0.101  5.020    3.718  
      mult_result_reg[13]  SI v           SDFFR_X2  0.000  5.020    3.718  
      ----------------------------------------------------------------------
Path 3: VIOLATED Setup Check with Pin mult_result_reg[14]/CK 
Endpoint:   mult_result_reg[14]/SI (^) checked with  leading edge of 'clk'
Beginpoint: coef_sel[1]            (v) triggered by  leading edge of 'clk'
Path Groups: {clk}
Other End Arrival Time          0.000
- Setup                         1.020
+ Phase Shift                   5.000
- Uncertainty                   0.200
= Required Time                 3.780
- Arrival Time                  5.081
= Slack Time                   -1.301
     Clock Rise Edge                      0.000
     + Input Delay                        1.500
     = Beginpoint Arrival Time            1.500
      ----------------------------------------------------------------------
      Instance             Arc            Cell      Delay  Arrival  Required  
                                                           Time     Time  
      ----------------------------------------------------------------------
      -                    coef_sel[1] v  -         -      1.500    0.199  
      g2812                A v -> ZN ^    INV_X32   0.071  1.571    0.270  
      g2819                A2 ^ -> ZN v   NAND2_X1  0.078  1.649    0.348  
      fopt                 A v -> ZN ^    INV_X8    0.119  1.768    0.467  
      g2776                A1 ^ -> ZN v   NAND2_X4  0.078  1.846    0.545  
      g2836                A1 v -> ZN v   AND2_X2   0.198  2.045    0.744  
      g2744                A1 v -> ZN ^   NAND2_X4  0.139  2.184    0.883  
      mul_58_40/g5211      A2 ^ -> ZN v   NAND2_X1  0.124  2.307    1.007  
      mul_58_40/fopt5300   A v -> ZN ^    INV_X8    0.089  2.396    1.095  
      mul_58_40/g5027      A1 ^ -> ZN v   NAND2_X1  0.062  2.458    1.157  
      mul_58_40/g4982      A2 v -> ZN ^   NAND2_X1  0.139  2.597    1.296  
      mul_58_40/g4873      A2 ^ -> ZN v   NAND2_X1  0.114  2.711    1.410  
      mul_58_40/g4857      A2 v -> ZN ^   NAND2_X4  0.163  2.874    1.574  
      mul_58_40/g4833      A ^ -> ZN v    INV_X8    0.065  2.939    1.638  
      mul_58_40/g4781      A2 v -> ZN ^   NAND2_X1  0.109  3.047    1.747  
      mul_58_40/g4722      A2 ^ -> ZN v   NAND2_X1  0.079  3.127    1.826  
      mul_58_40/g4685      A2 v -> ZN ^   NAND2_X1  0.170  3.297    1.996  
      mul_58_40/g4669      A ^ -> ZN v    INV_X2    0.080  3.377    2.076  
      mul_58_40/g4623      A1 v -> ZN ^   NAND2_X1  0.101  3.478    2.177  
      mul_58_40/g4614      A2 ^ -> ZN v   NAND2_X1  0.090  3.568    2.267  
      mul_58_40/g4603      A v -> ZN ^    INV_X4    0.086  3.653    2.352  
      mul_58_40/g4569      A2 ^ -> ZN v   NAND2_X1  0.064  3.717    2.416  
      mul_58_40/g4565      A2 v -> ZN ^   NAND2_X1  0.159  3.876    2.575  
      mul_58_40/g4557      A ^ -> ZN v    INV_X1    0.065  3.941    2.640  
      mul_58_40/g4536      A2 v -> ZN ^   NAND2_X1  0.135  4.076    2.776  
      mul_58_40/fopt5387   A ^ -> Z ^     BUF_X16   0.155  4.231    2.930  
      mul_58_40/g4471      A1 ^ -> ZN v   NAND2_X1  0.058  4.289    2.989  
      mul_58_40/g4467      A1 v -> ZN ^   NAND2_X1  0.105  4.394    3.093  
      mul_58_40/g4454      A1 ^ -> ZN v   NAND4_X1  0.140  4.534    3.234  
      mul_58_40/g4445      A2 v -> ZN ^   NAND3_X1  0.206  4.740    3.440  
      mul_58_40/g4438      A2 ^ -> ZN v   NAND2_X1  0.109  4.849    3.548  
      mul_58_40/g4435      A v -> ZN ^    OAI21_X1  0.232  5.081    3.780  
      mult_result_reg[14]  SI ^           SDFFR_X2  0.000  5.081    3.780  
      ----------------------------------------------------------------------
Path 4: VIOLATED Setup Check with Pin mult_result_reg[14]/CK 
Endpoint:   mult_result_reg[14]/SI (^) checked with  leading edge of 'clk'
Beginpoint: coef_sel[0]            (v) triggered by  leading edge of 'clk'
Path Groups: {clk}
Other End Arrival Time          0.000
- Setup                         1.020
+ Phase Shift                   5.000
- Uncertainty                   0.200
= Required Time                 3.780
- Arrival Time                  5.080
= Slack Time                   -1.299
     Clock Rise Edge                      0.000
     + Input Delay                        1.500
     = Beginpoint Arrival Time            1.500
      ----------------------------------------------------------------------
      Instance             Arc            Cell      Delay  Arrival  Required  
                                                           Time     Time  
      ----------------------------------------------------------------------
      -                    coef_sel[0] v  -         -      1.500    0.201  
      g2806                A2 v -> ZN ^   NAND2_X4  0.118  1.618    0.319  
      g2800                A ^ -> ZN v    INV_X8    0.067  1.686    0.386  
      g2771                A2 v -> ZN ^   NAND2_X1  0.109  1.795    0.496  
      g2766                A2 ^ -> ZN ^   AND2_X2   0.218  2.013    0.714  
      g2744                A2 ^ -> ZN v   NAND2_X4  0.114  2.127    0.828  
      mul_58_40/g5211      A2 v -> ZN ^   NAND2_X1  0.165  2.292    0.993  
      mul_58_40/fopt5300   A ^ -> ZN v    INV_X8    0.073  2.365    1.066  
      mul_58_40/g5027      A1 v -> ZN ^   NAND2_X1  0.099  2.464    1.165  
      mul_58_40/g4982      A2 ^ -> ZN v   NAND2_X1  0.090  2.554    1.254  
      mul_58_40/g4962      A v -> ZN ^    INV_X2    0.120  2.673    1.374  
      mul_58_40/g4916      A1 ^ -> ZN v   NAND2_X4  0.081  2.755    1.455  
      mul_58_40/g4857      A1 v -> ZN ^   NAND2_X4  0.118  2.873    1.574  
      mul_58_40/g4833      A ^ -> ZN v    INV_X8    0.065  2.937    1.638  
      mul_58_40/g4781      A2 v -> ZN ^   NAND2_X1  0.109  3.046    1.747  
      mul_58_40/g4722      A2 ^ -> ZN v   NAND2_X1  0.079  3.125    1.826  
      mul_58_40/g4685      A2 v -> ZN ^   NAND2_X1  0.170  3.295    1.996  
      mul_58_40/g4669      A ^ -> ZN v    INV_X2    0.080  3.376    2.076  
      mul_58_40/g4623      A1 v -> ZN ^   NAND2_X1  0.101  3.476    2.177  
      mul_58_40/g4614      A2 ^ -> ZN v   NAND2_X1  0.090  3.566    2.267  
      mul_58_40/g4603      A v -> ZN ^    INV_X4    0.086  3.652    2.352  
      mul_58_40/g4569      A2 ^ -> ZN v   NAND2_X1  0.064  3.716    2.416  
      mul_58_40/g4565      A2 v -> ZN ^   NAND2_X1  0.159  3.874    2.575  
      mul_58_40/g4557      A ^ -> ZN v    INV_X1    0.065  3.939    2.640  
      mul_58_40/g4536      A2 v -> ZN ^   NAND2_X1  0.135  4.075    2.776  
      mul_58_40/fopt5387   A ^ -> Z ^     BUF_X16   0.155  4.229    2.930  
      mul_58_40/g4471      A1 ^ -> ZN v   NAND2_X1  0.058  4.288    2.989  
      mul_58_40/g4467      A1 v -> ZN ^   NAND2_X1  0.105  4.393    3.093  
      mul_58_40/g4454      A1 ^ -> ZN v   NAND4_X1  0.140  4.533    3.234  
      mul_58_40/g4445      A2 v -> ZN ^   NAND3_X1  0.206  4.739    3.440  
      mul_58_40/g4438      A2 ^ -> ZN v   NAND2_X1  0.109  4.848    3.548  
      mul_58_40/g4435      A v -> ZN ^    OAI21_X1  0.232  5.080    3.780  
      mult_result_reg[14]  SI ^           SDFFR_X2  0.000  5.080    3.780  
      ----------------------------------------------------------------------
Path 5: VIOLATED Setup Check with Pin mult_result_reg[14]/CK 
Endpoint:   mult_result_reg[14]/SI (^) checked with  leading edge of 'clk'
Beginpoint: coef_sel[0]            (^) triggered by  leading edge of 'clk'
Path Groups: {clk}
Other End Arrival Time          0.000
- Setup                         1.020
+ Phase Shift                   5.000
- Uncertainty                   0.200
= Required Time                 3.780
- Arrival Time                  5.079
= Slack Time                   -1.298
     Clock Rise Edge                      0.000
     + Input Delay                        1.500
     = Beginpoint Arrival Time            1.500
      ----------------------------------------------------------------------
      Instance             Arc            Cell      Delay  Arrival  Required  
                                                           Time     Time  
      ----------------------------------------------------------------------
      -                    coef_sel[0] ^  -         -      1.500    0.202  
      g2815                A ^ -> ZN v    INV_X32   0.015  1.515    0.217  
      g2809                A2 v -> ZN ^   NAND2_X1  0.120  1.636    0.338  
      g2805                A ^ -> ZN v    INV_X8    0.073  1.709    0.411  
      g2777                A2 v -> ZN ^   NAND2_X1  0.110  1.819    0.521  
      g2764                A2 ^ -> ZN v   NAND2_X1  0.086  1.905    0.607  
      g2759                A v -> ZN ^    INV_X2    0.115  2.021    0.723  
      g2738                A1 ^ -> ZN v   NAND2_X4  0.101  2.122    0.824  
      mul_58_40/g5125      A2 v -> ZN ^   NAND2_X1  0.164  2.286    0.988  
      mul_58_40/g5089      A ^ -> ZN v    INV_X1    0.065  2.351    1.053  
      mul_58_40/g5072      A2 v -> ZN ^   NAND2_X1  0.109  2.460    1.162  
      mul_58_40/g4994      A2 ^ -> ZN v   NAND2_X1  0.098  2.558    1.260  
      mul_58_40/g4920      A2 v -> ZN ^   NAND2_X1  0.159  2.717    1.419  
      mul_58_40/g4819      A1 ^ -> ZN v   NAND2_X4  0.099  2.815    1.517  
      mul_58_40/fopt5324   A v -> ZN ^    INV_X8    0.081  2.897    1.599  
      mul_58_40/g4782      A2 ^ -> ZN v   NAND2_X1  0.062  2.958    1.660  
      mul_58_40/g4727      A2 v -> ZN ^   NAND2_X1  0.142  3.101    1.803  
      mul_58_40/g4711      A ^ -> ZN v    INV_X4    0.072  3.172    1.874  
      mul_58_40/g4658      A1 v -> ZN ^   NAND2_X1  0.133  3.305    2.007  
      mul_58_40/g4652      A1 ^ -> ZN v   NAND2_X4  0.104  3.409    2.111  
      mul_58_40/g4638      A v -> ZN ^    INV_X8    0.087  3.496    2.198  
      mul_58_40/g4597      A1 ^ -> ZN v   NAND2_X1  0.065  3.562    2.263  
      mul_58_40/g4587      A1 v -> ZN ^   NAND2_X1  0.128  3.690    2.392  
      mul_58_40/g4577      A ^ -> ZN v    INV_X2    0.084  3.774    2.476  
      mul_58_40/g4539      A1 v -> ZN ^   NAND2_X4  0.099  3.873    2.575  
      mul_58_40/g4534      A1 ^ -> ZN v   NAND2_X4  0.085  3.958    2.660  
      mul_58_40/g4514      A2 v -> ZN ^   NAND2_X1  0.143  4.102    2.803  
      mul_58_40/g4487      A2 ^ -> ZN v   NAND2_X1  0.105  4.207    2.908  
      mul_58_40/fopt5333   A v -> ZN ^    INV_X2    0.101  4.308    3.010  
      mul_58_40/g4467      A2 ^ -> ZN v   NAND2_X1  0.066  4.374    3.076  
      mul_58_40/g4454      A1 v -> ZN ^   NAND4_X1  0.158  4.532    3.234  
      mul_58_40/g4445      A2 ^ -> ZN v   NAND3_X1  0.161  4.693    3.395  
      mul_58_40/g4435      B1 v -> ZN ^   OAI21_X1  0.386  5.079    3.780  
      mult_result_reg[14]  SI ^           SDFFR_X2  0.000  5.079    3.780  
      ----------------------------------------------------------------------
Path 6: VIOLATED Setup Check with Pin mult_result_reg[13]/CK 
Endpoint:   mult_result_reg[13]/SI (v) checked with  leading edge of 'clk'
Beginpoint: coef_sel[1]            (v) triggered by  leading edge of 'clk'
Path Groups: {clk}
Other End Arrival Time          0.000
- Setup                         1.082
+ Phase Shift                   5.000
- Uncertainty                   0.200
= Required Time                 3.718
- Arrival Time                  5.012
= Slack Time                   -1.294
     Clock Rise Edge                      0.000
     + Input Delay                        1.500
     = Beginpoint Arrival Time            1.500
      ----------------------------------------------------------------------
      Instance             Arc            Cell      Delay  Arrival  Required  
                                                           Time     Time  
      ----------------------------------------------------------------------
      -                    coef_sel[1] v  -         -      1.500    0.206  
      g2812                A v -> ZN ^    INV_X32   0.071  1.571    0.277  
      g2819                A2 ^ -> ZN v   NAND2_X1  0.078  1.649    0.355  
      fopt                 A v -> ZN ^    INV_X8    0.119  1.768    0.474  
      g2776                A1 ^ -> ZN v   NAND2_X4  0.078  1.846    0.552  
      g2836                A1 v -> ZN v   AND2_X2   0.198  2.045    0.751  
      g2744                A1 v -> ZN ^   NAND2_X4  0.139  2.184    0.890  
      mul_58_40/g5211      A2 ^ -> ZN v   NAND2_X1  0.124  2.307    1.013  
      mul_58_40/fopt5300   A v -> ZN ^    INV_X8    0.089  2.396    1.102  
      mul_58_40/g5027      A1 ^ -> ZN v   NAND2_X1  0.062  2.458    1.164  
      mul_58_40/g4982      A2 v -> ZN ^   NAND2_X1  0.139  2.597    1.303  
      mul_58_40/g4873      A2 ^ -> ZN v   NAND2_X1  0.114  2.711    1.417  
      mul_58_40/g4857      A2 v -> ZN ^   NAND2_X4  0.163  2.874    1.580  
      mul_58_40/g4833      A ^ -> ZN v    INV_X8    0.065  2.939    1.645  
      mul_58_40/g4781      A2 v -> ZN ^   NAND2_X1  0.109  3.047    1.753  
      mul_58_40/g4722      A2 ^ -> ZN v   NAND2_X1  0.079  3.127    1.833  
      mul_58_40/g4685      A2 v -> ZN ^   NAND2_X1  0.170  3.297    2.003  
      mul_58_40/g4669      A ^ -> ZN v    INV_X2    0.080  3.377    2.083  
      mul_58_40/g4623      A1 v -> ZN ^   NAND2_X1  0.101  3.478    2.184  
      mul_58_40/g4614      A2 ^ -> ZN v   NAND2_X1  0.090  3.568    2.274  
      mul_58_40/g4603      A v -> ZN ^    INV_X4    0.086  3.653    2.359  
      mul_58_40/g4569      A2 ^ -> ZN v   NAND2_X1  0.064  3.717    2.423  
      mul_58_40/g4565      A2 v -> ZN ^   NAND2_X1  0.159  3.876    2.582  
      mul_58_40/g4557      A ^ -> ZN v    INV_X1    0.065  3.941    2.647  
      mul_58_40/g4536      A2 v -> ZN ^   NAND2_X1  0.135  4.076    2.782  
      mul_58_40/g4499      A2 ^ -> ZN v   NAND2_X1  0.101  4.177    2.883  
      mul_58_40/fopt5319   A v -> ZN ^    INV_X1    0.077  4.254    2.960  
      mul_58_40/g5242      A1 ^ -> ZN ^   AND3_X2   0.172  4.426    3.132  
      mul_58_40/g4462      A1 ^ -> ZN v   NAND2_X1  0.067  4.493    3.199  
      mul_58_40/g4453      A1 v -> ZN ^   NAND3_X1  0.165  4.657    3.363  
      mul_58_40/g4443      A1 ^ -> ZN v   NAND2_X1  0.125  4.782    3.488  
      mul_58_40/g5289      A2 v -> ZN ^   NAND2_X1  0.129  4.911    3.617  
      mul_58_40/g4431      A2 ^ -> ZN v   NAND2_X1  0.101  5.012    3.718  
      mult_result_reg[13]  SI v           SDFFR_X2  0.000  5.012    3.718  
      ----------------------------------------------------------------------
Path 7: VIOLATED Setup Check with Pin mult_result_reg[13]/CK 
Endpoint:   mult_result_reg[13]/SI (v) checked with  leading edge of 'clk'
Beginpoint: coef_sel[0]            (v) triggered by  leading edge of 'clk'
Path Groups: {clk}
Other End Arrival Time          0.000
- Setup                         1.082
+ Phase Shift                   5.000
- Uncertainty                   0.200
= Required Time                 3.718
- Arrival Time                  5.010
= Slack Time                   -1.292
     Clock Rise Edge                      0.000
     + Input Delay                        1.500
     = Beginpoint Arrival Time            1.500
      ----------------------------------------------------------------------
      Instance             Arc            Cell      Delay  Arrival  Required  
                                                           Time     Time  
      ----------------------------------------------------------------------
      -                    coef_sel[0] v  -         -      1.500    0.208  
      g2806                A2 v -> ZN ^   NAND2_X4  0.118  1.618    0.326  
      g2800                A ^ -> ZN v    INV_X8    0.067  1.686    0.393  
      g2771                A2 v -> ZN ^   NAND2_X1  0.109  1.795    0.502  
      g2766                A2 ^ -> ZN ^   AND2_X2   0.218  2.013    0.721  
      g2744                A2 ^ -> ZN v   NAND2_X4  0.114  2.127    0.835  
      mul_58_40/g5211      A2 v -> ZN ^   NAND2_X1  0.165  2.292    1.000  
      mul_58_40/fopt5300   A ^ -> ZN v    INV_X8    0.073  2.365    1.072  
      mul_58_40/g5027      A1 v -> ZN ^   NAND2_X1  0.099  2.464    1.171  
      mul_58_40/g4982      A2 ^ -> ZN v   NAND2_X1  0.090  2.554    1.261  
      mul_58_40/g4962      A v -> ZN ^    INV_X2    0.120  2.673    1.381  
      mul_58_40/g4916      A1 ^ -> ZN v   NAND2_X4  0.081  2.755    1.462  
      mul_58_40/g4857      A1 v -> ZN ^   NAND2_X4  0.118  2.873    1.580  
      mul_58_40/g4833      A ^ -> ZN v    INV_X8    0.065  2.937    1.645  
      mul_58_40/g4781      A2 v -> ZN ^   NAND2_X1  0.109  3.046    1.753  
      mul_58_40/g4722      A2 ^ -> ZN v   NAND2_X1  0.079  3.125    1.833  
      mul_58_40/g4685      A2 v -> ZN ^   NAND2_X1  0.170  3.295    2.003  
      mul_58_40/g4669      A ^ -> ZN v    INV_X2    0.080  3.376    2.083  
      mul_58_40/g4623      A1 v -> ZN ^   NAND2_X1  0.101  3.476    2.184  
      mul_58_40/g4614      A2 ^ -> ZN v   NAND2_X1  0.090  3.566    2.274  
      mul_58_40/g4603      A v -> ZN ^    INV_X4    0.086  3.652    2.359  
      mul_58_40/g4569      A2 ^ -> ZN v   NAND2_X1  0.064  3.716    2.423  
      mul_58_40/g4565      A2 v -> ZN ^   NAND2_X1  0.159  3.874    2.582  
      mul_58_40/g4557      A ^ -> ZN v    INV_X1    0.065  3.939    2.647  
      mul_58_40/g4536      A2 v -> ZN ^   NAND2_X1  0.135  4.075    2.782  
      mul_58_40/g4499      A2 ^ -> ZN v   NAND2_X1  0.101  4.175    2.883  
      mul_58_40/fopt5319   A v -> ZN ^    INV_X1    0.077  4.253    2.960  
      mul_58_40/g5242      A1 ^ -> ZN ^   AND3_X2   0.172  4.425    3.132  
      mul_58_40/g4462      A1 ^ -> ZN v   NAND2_X1  0.067  4.491    3.199  
      mul_58_40/g4453      A1 v -> ZN ^   NAND3_X1  0.165  4.656    3.363  
      mul_58_40/g4443      A1 ^ -> ZN v   NAND2_X1  0.125  4.781    3.488  
      mul_58_40/g5289      A2 v -> ZN ^   NAND2_X1  0.129  4.909    3.617  
      mul_58_40/g4431      A2 ^ -> ZN v   NAND2_X1  0.101  5.010    3.718  
      mult_result_reg[13]  SI v           SDFFR_X2  0.000  5.010    3.718  
      ----------------------------------------------------------------------
Path 8: VIOLATED Setup Check with Pin mult_result_reg[13]/CK 
Endpoint:   mult_result_reg[13]/SI (v) checked with  leading edge of 'clk'
Beginpoint: coef_sel[1]            (v) triggered by  leading edge of 'clk'
Path Groups: {clk}
Other End Arrival Time          0.000
- Setup                         1.082
+ Phase Shift                   5.000
- Uncertainty                   0.200
= Required Time                 3.718
- Arrival Time                  5.009
= Slack Time                   -1.291
     Clock Rise Edge                      0.000
     + Input Delay                        1.500
     = Beginpoint Arrival Time            1.500
      ----------------------------------------------------------------------
      Instance             Arc            Cell      Delay  Arrival  Required  
                                                           Time     Time  
      ----------------------------------------------------------------------
      -                    coef_sel[1] v  -         -      1.500    0.209  
      g2812                A v -> ZN ^    INV_X32   0.071  1.571    0.280  
      g2806                A1 ^ -> ZN v   NAND2_X4  0.070  1.641    0.350  
      g2800                A v -> ZN ^    INV_X8    0.085  1.726    0.435  
      g2771                A2 ^ -> ZN v   NAND2_X1  0.068  1.793    0.503  
      g2766                A2 v -> ZN v   AND2_X2   0.225  2.019    0.728  
      g2744                A2 v -> ZN ^   NAND2_X4  0.174  2.192    0.901  
      mul_58_40/g5211      A2 ^ -> ZN v   NAND2_X1  0.124  2.316    1.025  
      mul_58_40/fopt5300   A v -> ZN ^    INV_X8    0.089  2.404    1.113  
      mul_58_40/g5027      A1 ^ -> ZN v   NAND2_X1  0.062  2.466    1.176  
      mul_58_40/g4982      A2 v -> ZN ^   NAND2_X1  0.139  2.605    1.314  
      mul_58_40/g4873      A2 ^ -> ZN v   NAND2_X1  0.114  2.719    1.429  
      mul_58_40/g4857      A2 v -> ZN ^   NAND2_X4  0.163  2.882    1.592  
      mul_58_40/g4833      A ^ -> ZN v    INV_X8    0.065  2.947    1.656  
      mul_58_40/g4781      A2 v -> ZN ^   NAND2_X1  0.109  3.055    1.765  
      mul_58_40/g4722      A2 ^ -> ZN v   NAND2_X1  0.079  3.135    1.844  
      mul_58_40/g4685      A2 v -> ZN ^   NAND2_X1  0.170  3.305    2.014  
      mul_58_40/g4628      A2 ^ -> ZN v   NAND2_X1  0.106  3.411    2.120  
      mul_58_40/g4614      A1 v -> ZN ^   NAND2_X1  0.129  3.540    2.250  
      mul_58_40/g4603      A ^ -> ZN v    INV_X4    0.068  3.608    2.318  
      mul_58_40/g4569      A2 v -> ZN ^   NAND2_X1  0.109  3.718    2.427  
      mul_58_40/g4565      A2 ^ -> ZN v   NAND2_X1  0.095  3.813    2.522  
      mul_58_40/g4557      A v -> ZN ^    INV_X1    0.075  3.888    2.597  
      mul_58_40/g4536      A2 ^ -> ZN v   NAND2_X1  0.066  3.954    2.664  
      mul_58_40/g4499      A2 v -> ZN ^   NAND2_X1  0.133  4.088    2.797  
      mul_58_40/fopt5319   A ^ -> ZN v    INV_X1    0.060  4.148    2.857  
      mul_58_40/g5242      A1 v -> ZN v   AND3_X2   0.178  4.326    3.035  
      mul_58_40/g4462      A1 v -> ZN ^   NAND2_X1  0.100  4.426    3.135  
      mul_58_40/g4453      A1 ^ -> ZN v   NAND3_X1  0.125  4.551    3.260  
      mul_58_40/g4443      A1 v -> ZN ^   NAND2_X1  0.148  4.699    3.409  
      mul_58_40/g4441      A2 ^ -> ZN v   NAND2_X1  0.093  4.792    3.502  
      mul_58_40/g4432      A1 v -> ZN ^   NAND2_X1  0.110  4.902    3.611  
      mul_58_40/g4431      A1 ^ -> ZN v   NAND2_X1  0.107  5.009    3.718  
      mult_result_reg[13]  SI v           SDFFR_X2  0.000  5.009    3.718  
      ----------------------------------------------------------------------
Path 9: VIOLATED Setup Check with Pin mult_result_reg[13]/CK 
Endpoint:   mult_result_reg[13]/SI (^) checked with  leading edge of 'clk'
Beginpoint: coef_sel[1]            (v) triggered by  leading edge of 'clk'
Path Groups: {clk}
Other End Arrival Time          0.000
- Setup                         0.918
+ Phase Shift                   5.000
- Uncertainty                   0.200
= Required Time                 3.882
- Arrival Time                  5.172
= Slack Time                   -1.290
     Clock Rise Edge                      0.000
     + Input Delay                        1.500
     = Beginpoint Arrival Time            1.500
      ----------------------------------------------------------------------
      Instance             Arc            Cell      Delay  Arrival  Required  
                                                           Time     Time  
      ----------------------------------------------------------------------
      -                    coef_sel[1] v  -         -      1.500    0.210  
      g2812                A v -> ZN ^    INV_X32   0.071  1.571    0.280  
      g2806                A1 ^ -> ZN v   NAND2_X4  0.070  1.641    0.350  
      g2800                A v -> ZN ^    INV_X8    0.085  1.726    0.435  
      g2771                A2 ^ -> ZN v   NAND2_X1  0.068  1.793    0.503  
      g2766                A2 v -> ZN v   AND2_X2   0.225  2.019    0.728  
      g2744                A2 v -> ZN ^   NAND2_X4  0.174  2.192    0.902  
      mul_58_40/g5211      A2 ^ -> ZN v   NAND2_X1  0.124  2.316    1.025  
      mul_58_40/fopt5300   A v -> ZN ^    INV_X8    0.089  2.404    1.114  
      mul_58_40/g5027      A1 ^ -> ZN v   NAND2_X1  0.062  2.466    1.176  
      mul_58_40/g4982      A2 v -> ZN ^   NAND2_X1  0.139  2.605    1.315  
      mul_58_40/g4873      A2 ^ -> ZN v   NAND2_X1  0.114  2.719    1.429  
      mul_58_40/g4857      A2 v -> ZN ^   NAND2_X4  0.163  2.882    1.592  
      mul_58_40/g4833      A ^ -> ZN v    INV_X8    0.065  2.947    1.656  
      mul_58_40/g4781      A2 v -> ZN ^   NAND2_X1  0.109  3.055    1.765  
      mul_58_40/g4722      A2 ^ -> ZN v   NAND2_X1  0.079  3.135    1.844  
      mul_58_40/g4685      A2 v -> ZN ^   NAND2_X1  0.170  3.305    2.015  
      mul_58_40/g4669      A ^ -> ZN v    INV_X2    0.080  3.385    2.095  
      mul_58_40/g4623      A1 v -> ZN ^   NAND2_X1  0.101  3.486    2.196  
      mul_58_40/g4614      A2 ^ -> ZN v   NAND2_X1  0.090  3.576    2.285  
      mul_58_40/g4603      A v -> ZN ^    INV_X4    0.086  3.661    2.371  
      mul_58_40/g4569      A2 ^ -> ZN v   NAND2_X1  0.064  3.725    2.435  
      mul_58_40/g4565      A2 v -> ZN ^   NAND2_X1  0.159  3.884    2.593  
      mul_58_40/g4557      A ^ -> ZN v    INV_X1    0.065  3.949    2.659  
      mul_58_40/g4536      A2 v -> ZN ^   NAND2_X1  0.135  4.084    2.794  
      mul_58_40/g4499      A2 ^ -> ZN v   NAND2_X1  0.101  4.185    2.895  
      mul_58_40/fopt5319   A v -> ZN ^    INV_X1    0.077  4.262    2.972  
      mul_58_40/g5242      A1 ^ -> ZN ^   AND3_X2   0.172  4.434    3.144  
      mul_58_40/g4462      A1 ^ -> ZN v   NAND2_X1  0.067  4.501    3.210  
      mul_58_40/g4453      A1 v -> ZN ^   NAND3_X1  0.165  4.666    3.375  
      mul_58_40/g4443      A1 ^ -> ZN v   NAND2_X1  0.125  4.790    3.500  
      mul_58_40/g4441      A2 v -> ZN ^   NAND2_X1  0.135  4.926    3.635  
      mul_58_40/g4432      A1 ^ -> ZN v   NAND2_X1  0.087  5.013    3.722  
      mul_58_40/g4431      A1 v -> ZN ^   NAND2_X1  0.159  5.172    3.882  
      mult_result_reg[13]  SI ^           SDFFR_X2  0.000  5.172    3.882  
      ----------------------------------------------------------------------
Path 10: VIOLATED Setup Check with Pin mult_result_reg[14]/CK 
Endpoint:   mult_result_reg[14]/SI (^) checked with  leading edge of 'clk'
Beginpoint: coef_sel[0]            (^) triggered by  leading edge of 'clk'
Path Groups: {clk}
Other End Arrival Time          0.000
- Setup                         1.020
+ Phase Shift                   5.000
- Uncertainty                   0.200
= Required Time                 3.780
- Arrival Time                  5.070
= Slack Time                   -1.289
     Clock Rise Edge                      0.000
     + Input Delay                        1.500
     = Beginpoint Arrival Time            1.500
      ----------------------------------------------------------------------
      Instance             Arc            Cell      Delay  Arrival  Required  
                                                           Time     Time  
      ----------------------------------------------------------------------
      -                    coef_sel[0] ^  -         -      1.500    0.211  
      g2815                A ^ -> ZN v    INV_X32   0.015  1.515    0.226  
      g2809                A2 v -> ZN ^   NAND2_X1  0.120  1.636    0.347  
      g2805                A ^ -> ZN v    INV_X8    0.073  1.709    0.420  
      g2775                A2 v -> ZN ^   NAND2_X1  0.111  1.820    0.531  
      g2836                A2 ^ -> ZN ^   AND2_X2   0.203  2.023    0.734  
      g2744                A1 ^ -> ZN v   NAND2_X4  0.094  2.117    0.828  
      mul_58_40/g5211      A2 v -> ZN ^   NAND2_X1  0.165  2.282    0.993  
      mul_58_40/fopt5300   A ^ -> ZN v    INV_X8    0.073  2.355    1.066  
      mul_58_40/g5027      A1 v -> ZN ^   NAND2_X1  0.099  2.454    1.165  
      mul_58_40/g4982      A2 ^ -> ZN v   NAND2_X1  0.090  2.544    1.254  
      mul_58_40/g4962      A v -> ZN ^    INV_X2    0.120  2.663    1.374  
      mul_58_40/g4916      A1 ^ -> ZN v   NAND2_X4  0.081  2.745    1.455  
      mul_58_40/g4857      A1 v -> ZN ^   NAND2_X4  0.118  2.863    1.574  
      mul_58_40/g4833      A ^ -> ZN v    INV_X8    0.065  2.927    1.638  
      mul_58_40/g4781      A2 v -> ZN ^   NAND2_X1  0.109  3.036    1.747  
      mul_58_40/g4722      A2 ^ -> ZN v   NAND2_X1  0.079  3.115    1.826  
      mul_58_40/g4685      A2 v -> ZN ^   NAND2_X1  0.170  3.285    1.996  
      mul_58_40/g4669      A ^ -> ZN v    INV_X2    0.080  3.366    2.076  
      mul_58_40/g4623      A1 v -> ZN ^   NAND2_X1  0.101  3.466    2.177  
      mul_58_40/g4614      A2 ^ -> ZN v   NAND2_X1  0.090  3.556    2.267  
      mul_58_40/g4603      A v -> ZN ^    INV_X4    0.086  3.642    2.352  
      mul_58_40/g4569      A2 ^ -> ZN v   NAND2_X1  0.064  3.706    2.416  
      mul_58_40/g4565      A2 v -> ZN ^   NAND2_X1  0.159  3.864    2.575  
      mul_58_40/g4557      A ^ -> ZN v    INV_X1    0.065  3.929    2.640  
      mul_58_40/g4536      A2 v -> ZN ^   NAND2_X1  0.135  4.065    2.776  
      mul_58_40/fopt5387   A ^ -> Z ^     BUF_X16   0.155  4.219    2.930  
      mul_58_40/g4471      A1 ^ -> ZN v   NAND2_X1  0.058  4.278    2.989  
      mul_58_40/g4467      A1 v -> ZN ^   NAND2_X1  0.105  4.383    3.093  
      mul_58_40/g4454      A1 ^ -> ZN v   NAND4_X1  0.140  4.523    3.234  
      mul_58_40/g4445      A2 v -> ZN ^   NAND3_X1  0.206  4.729    3.440  
      mul_58_40/g4438      A2 ^ -> ZN v   NAND2_X1  0.109  4.838    3.548  
      mul_58_40/g4435      A v -> ZN ^    OAI21_X1  0.232  5.070    3.780  
      mult_result_reg[14]  SI ^           SDFFR_X2  0.000  5.070    3.780  
      ----------------------------------------------------------------------
Path 11: VIOLATED Setup Check with Pin mult_result_reg[14]/CK 
Endpoint:   mult_result_reg[14]/SI (^) checked with  leading edge of 'clk'
Beginpoint: coef_sel[1]            (^) triggered by  leading edge of 'clk'
Path Groups: {clk}
Other End Arrival Time          0.000
- Setup                         1.020
+ Phase Shift                   5.000
- Uncertainty                   0.200
= Required Time                 3.780
- Arrival Time                  5.069
= Slack Time                   -1.289
     Clock Rise Edge                      0.000
     + Input Delay                        1.500
     = Beginpoint Arrival Time            1.500
      ----------------------------------------------------------------------
      Instance             Arc            Cell      Delay  Arrival  Required  
                                                           Time     Time  
      ----------------------------------------------------------------------
      -                    coef_sel[1] ^  -         -      1.500    0.211  
      g2812                A ^ -> ZN v    INV_X32   0.017  1.517    0.228  
      g2806                A1 v -> ZN ^   NAND2_X4  0.091  1.608    0.319  
      g2800                A ^ -> ZN v    INV_X8    0.067  1.675    0.386  
      g2771                A2 v -> ZN ^   NAND2_X1  0.109  1.785    0.496  
      g2766                A2 ^ -> ZN ^   AND2_X2   0.218  2.003    0.714  
      g2744                A2 ^ -> ZN v   NAND2_X4  0.114  2.117    0.828  
      mul_58_40/g5211      A2 v -> ZN ^   NAND2_X1  0.165  2.282    0.993  
      mul_58_40/fopt5300   A ^ -> ZN v    INV_X8    0.073  2.355    1.066  
      mul_58_40/g5027      A1 v -> ZN ^   NAND2_X1  0.099  2.454    1.165  
      mul_58_40/g4982      A2 ^ -> ZN v   NAND2_X1  0.090  2.543    1.254  
      mul_58_40/g4962      A v -> ZN ^    INV_X2    0.120  2.663    1.374  
      mul_58_40/g4916      A1 ^ -> ZN v   NAND2_X4  0.081  2.744    1.455  
      mul_58_40/g4857      A1 v -> ZN ^   NAND2_X4  0.118  2.863    1.574  
      mul_58_40/g4833      A ^ -> ZN v    INV_X8    0.065  2.927    1.638  
      mul_58_40/g4781      A2 v -> ZN ^   NAND2_X1  0.109  3.036    1.747  
      mul_58_40/g4722      A2 ^ -> ZN v   NAND2_X1  0.079  3.115    1.826  
      mul_58_40/g4685      A2 v -> ZN ^   NAND2_X1  0.170  3.285    1.996  
      mul_58_40/g4669      A ^ -> ZN v    INV_X2    0.080  3.365    2.076  
      mul_58_40/g4623      A1 v -> ZN ^   NAND2_X1  0.101  3.466    2.177  
      mul_58_40/g4614      A2 ^ -> ZN v   NAND2_X1  0.090  3.556    2.267  
      mul_58_40/g4603      A v -> ZN ^    INV_X4    0.086  3.641    2.352  
      mul_58_40/g4569      A2 ^ -> ZN v   NAND2_X1  0.064  3.705    2.416  
      mul_58_40/g4565      A2 v -> ZN ^   NAND2_X1  0.159  3.864    2.575  
      mul_58_40/g4557      A ^ -> ZN v    INV_X1    0.065  3.929    2.640  
      mul_58_40/g4536      A2 v -> ZN ^   NAND2_X1  0.135  4.065    2.776  
      mul_58_40/fopt5387   A ^ -> Z ^     BUF_X16   0.155  4.219    2.930  
      mul_58_40/g4471      A1 ^ -> ZN v   NAND2_X1  0.058  4.278    2.989  
      mul_58_40/g4467      A1 v -> ZN ^   NAND2_X1  0.105  4.382    3.093  
      mul_58_40/g4454      A1 ^ -> ZN v   NAND4_X1  0.140  4.523    3.234  
      mul_58_40/g4445      A2 v -> ZN ^   NAND3_X1  0.206  4.729    3.440  
      mul_58_40/g4438      A2 ^ -> ZN v   NAND2_X1  0.109  4.837    3.548  
      mul_58_40/g4435      A v -> ZN ^    OAI21_X1  0.232  5.069    3.780  
      mult_result_reg[14]  SI ^           SDFFR_X2  0.000  5.069    3.780  
      ----------------------------------------------------------------------
Path 12: VIOLATED Setup Check with Pin mult_result_reg[14]/CK 
Endpoint:   mult_result_reg[14]/SI (^) checked with  leading edge of 'clk'
Beginpoint: coef_sel[1]            (v) triggered by  leading edge of 'clk'
Path Groups: {clk}
Other End Arrival Time          0.000
- Setup                         1.020
+ Phase Shift                   5.000
- Uncertainty                   0.200
= Required Time                 3.780
- Arrival Time                  5.068
= Slack Time                   -1.288
     Clock Rise Edge                      0.000
     + Input Delay                        1.500
     = Beginpoint Arrival Time            1.500
      ----------------------------------------------------------------------
      Instance             Arc            Cell      Delay  Arrival  Required  
                                                           Time     Time  
      ----------------------------------------------------------------------
      -                    coef_sel[1] v  -         -      1.500    0.212  
      g2812                A v -> ZN ^    INV_X32   0.071  1.571    0.283  
      g2819                A2 ^ -> ZN v   NAND2_X1  0.078  1.649    0.361  
      fopt                 A v -> ZN ^    INV_X8    0.119  1.768    0.480  
      g2778                A1 ^ -> ZN v   NAND2_X4  0.076  1.844    0.556  
      g2764                A1 v -> ZN ^   NAND2_X1  0.105  1.949    0.661  
      g2759                A ^ -> ZN v    INV_X2    0.073  2.022    0.734  
      g2738                A1 v -> ZN ^   NAND2_X4  0.147  2.169    0.881  
      mul_58_40/g5125      A2 ^ -> ZN v   NAND2_X1  0.128  2.296    1.009  
      mul_58_40/g5089      A v -> ZN ^    INV_X1    0.078  2.374    1.086  
      mul_58_40/g5072      A2 ^ -> ZN v   NAND2_X1  0.057  2.431    1.143  
      mul_58_40/g4994      A2 v -> ZN ^   NAND2_X1  0.165  2.597    1.309  
      mul_58_40/g4920      A2 ^ -> ZN v   NAND2_X1  0.118  2.715    1.427  
      mul_58_40/g4819      A1 v -> ZN ^   NAND2_X4  0.113  2.828    1.540  
      mul_58_40/fopt5324   A ^ -> ZN v    INV_X8    0.060  2.888    1.600  
      mul_58_40/g4782      A2 v -> ZN ^   NAND2_X1  0.107  2.995    1.707  
      mul_58_40/g4727      A2 ^ -> ZN v   NAND2_X1  0.090  3.084    1.797  
      mul_58_40/g4711      A v -> ZN ^    INV_X4    0.092  3.177    1.889  
      mul_58_40/g4658      A1 ^ -> ZN v   NAND2_X1  0.080  3.257    1.969  
      mul_58_40/g4652      A1 v -> ZN ^   NAND2_X4  0.123  3.380    2.093  
      mul_58_40/g4638      A ^ -> ZN v    INV_X8    0.066  3.447    2.159  
      mul_58_40/g4597      A1 v -> ZN ^   NAND2_X1  0.103  3.550    2.262  
      mul_58_40/g4587      A1 ^ -> ZN v   NAND2_X1  0.095  3.645    2.357  
      mul_58_40/g4577      A v -> ZN ^    INV_X2    0.120  3.765    2.477  
      mul_58_40/g4539      A1 ^ -> ZN v   NAND2_X4  0.081  3.846    2.558  
      mul_58_40/g4534      A1 v -> ZN ^   NAND2_X4  0.106  3.953    2.665  
      mul_58_40/g4514      A2 ^ -> ZN v   NAND2_X1  0.097  4.050    2.762  
      mul_58_40/g4487      A2 v -> ZN ^   NAND2_X1  0.149  4.199    2.911  
      mul_58_40/fopt5333   A ^ -> ZN v    INV_X2    0.069  4.268    2.980  
      mul_58_40/g4467      A2 v -> ZN ^   NAND2_X1  0.113  4.381    3.093  
      mul_58_40/g4454      A1 ^ -> ZN v   NAND4_X1  0.140  4.522    3.234  
      mul_58_40/g4445      A2 v -> ZN ^   NAND3_X1  0.206  4.728    3.440  
      mul_58_40/g4438      A2 ^ -> ZN v   NAND2_X1  0.109  4.836    3.548  
      mul_58_40/g4435      A v -> ZN ^    OAI21_X1  0.232  5.068    3.780  
      mult_result_reg[14]  SI ^           SDFFR_X2  0.000  5.068    3.780  
      ----------------------------------------------------------------------
Path 13: VIOLATED Setup Check with Pin mult_result_reg[14]/CK 
Endpoint:   mult_result_reg[14]/SI (^) checked with  leading edge of 'clk'
Beginpoint: coef_sel[0]            (v) triggered by  leading edge of 'clk'
Path Groups: {clk}
Other End Arrival Time          0.000
- Setup                         1.020
+ Phase Shift                   5.000
- Uncertainty                   0.200
= Required Time                 3.780
- Arrival Time                  5.068
= Slack Time                   -1.288
     Clock Rise Edge                      0.000
     + Input Delay                        1.500
     = Beginpoint Arrival Time            1.500
      ----------------------------------------------------------------------
      Instance             Arc            Cell      Delay  Arrival  Required  
                                                           Time     Time  
      ----------------------------------------------------------------------
      -                    coef_sel[0] v  -         -      1.500    0.212  
      g2815                A v -> ZN ^    INV_X32   0.063  1.563    0.275  
      g2819                A1 ^ -> ZN v   NAND2_X1  0.073  1.636    0.348  
      fopt                 A v -> ZN ^    INV_X8    0.119  1.755    0.467  
      g2776                A1 ^ -> ZN v   NAND2_X4  0.078  1.833    0.545  
      g2836                A1 v -> ZN v   AND2_X2   0.198  2.031    0.744  
      g2744                A1 v -> ZN ^   NAND2_X4  0.139  2.171    0.883  
      mul_58_40/g5211      A2 ^ -> ZN v   NAND2_X1  0.124  2.294    1.007  
      mul_58_40/fopt5300   A v -> ZN ^    INV_X8    0.089  2.383    1.095  
      mul_58_40/g5027      A1 ^ -> ZN v   NAND2_X1  0.062  2.445    1.157  
      mul_58_40/g4982      A2 v -> ZN ^   NAND2_X1  0.139  2.584    1.296  
      mul_58_40/g4873      A2 ^ -> ZN v   NAND2_X1  0.114  2.698    1.410  
      mul_58_40/g4857      A2 v -> ZN ^   NAND2_X4  0.163  2.861    1.574  
      mul_58_40/g4833      A ^ -> ZN v    INV_X8    0.065  2.926    1.638  
      mul_58_40/g4781      A2 v -> ZN ^   NAND2_X1  0.109  3.034    1.747  
      mul_58_40/g4722      A2 ^ -> ZN v   NAND2_X1  0.079  3.113    1.826  
      mul_58_40/g4685      A2 v -> ZN ^   NAND2_X1  0.170  3.284    1.996  
      mul_58_40/g4669      A ^ -> ZN v    INV_X2    0.080  3.364    2.076  
      mul_58_40/g4623      A1 v -> ZN ^   NAND2_X1  0.101  3.465    2.177  
      mul_58_40/g4614      A2 ^ -> ZN v   NAND2_X1  0.090  3.554    2.267  
      mul_58_40/g4603      A v -> ZN ^    INV_X4    0.086  3.640    2.352  
      mul_58_40/g4569      A2 ^ -> ZN v   NAND2_X1  0.064  3.704    2.416  
      mul_58_40/g4565      A2 v -> ZN ^   NAND2_X1  0.159  3.863    2.575  
      mul_58_40/g4557      A ^ -> ZN v    INV_X1    0.065  3.928    2.640  
      mul_58_40/g4536      A2 v -> ZN ^   NAND2_X1  0.135  4.063    2.776  
      mul_58_40/fopt5387   A ^ -> Z ^     BUF_X16   0.155  4.218    2.930  
      mul_58_40/g4471      A1 ^ -> ZN v   NAND2_X1  0.058  4.276    2.989  
      mul_58_40/g4467      A1 v -> ZN ^   NAND2_X1  0.105  4.381    3.093  
      mul_58_40/g4454      A1 ^ -> ZN v   NAND4_X1  0.140  4.521    3.234  
      mul_58_40/g4445      A2 v -> ZN ^   NAND3_X1  0.206  4.727    3.440  
      mul_58_40/g4438      A2 ^ -> ZN v   NAND2_X1  0.109  4.836    3.548  
      mul_58_40/g4435      A v -> ZN ^    OAI21_X1  0.232  5.068    3.780  
      mult_result_reg[14]  SI ^           SDFFR_X2  0.000  5.068    3.780  
      ----------------------------------------------------------------------
Path 14: VIOLATED Setup Check with Pin mult_result_reg[14]/CK 
Endpoint:   mult_result_reg[14]/SI (^) checked with  leading edge of 'clk'
Beginpoint: coef_sel[1]            (v) triggered by  leading edge of 'clk'
Path Groups: {clk}
Other End Arrival Time          0.000
- Setup                         1.020
+ Phase Shift                   5.000
- Uncertainty                   0.200
= Required Time                 3.780
- Arrival Time                  5.068
= Slack Time                   -1.287
     Clock Rise Edge                      0.000
     + Input Delay                        1.500
     = Beginpoint Arrival Time            1.500
      ----------------------------------------------------------------------
      Instance             Arc            Cell      Delay  Arrival  Required  
                                                           Time     Time  
      ----------------------------------------------------------------------
      -                    coef_sel[1] v  -         -      1.500    0.213  
      g2812                A v -> ZN ^    INV_X32   0.071  1.571    0.283  
      g2806                A1 ^ -> ZN v   NAND2_X4  0.070  1.641    0.353  
      g2800                A v -> ZN ^    INV_X8    0.085  1.726    0.438  
      g2771                A2 ^ -> ZN v   NAND2_X1  0.068  1.793    0.506  
      g2766                A2 v -> ZN v   AND2_X2   0.225  2.019    0.731  
      g2744                A2 v -> ZN ^   NAND2_X4  0.174  2.192    0.905  
      mul_58_40/g5211      A2 ^ -> ZN v   NAND2_X1  0.124  2.316    1.028  
      mul_58_40/g5079      A2 v -> ZN ^   NAND2_X1  0.132  2.447    1.160  
      mul_58_40/g4982      A1 ^ -> ZN v   NAND2_X1  0.095  2.542    1.254  
      mul_58_40/g4962      A v -> ZN ^    INV_X2    0.120  2.662    1.374  
      mul_58_40/g4916      A1 ^ -> ZN v   NAND2_X4  0.081  2.743    1.455  
      mul_58_40/g4857      A1 v -> ZN ^   NAND2_X4  0.118  2.861    1.574  
      mul_58_40/g4833      A ^ -> ZN v    INV_X8    0.065  2.926    1.638  
      mul_58_40/g4781      A2 v -> ZN ^   NAND2_X1  0.109  3.034    1.747  
      mul_58_40/g4722      A2 ^ -> ZN v   NAND2_X1  0.079  3.113    1.826  
      mul_58_40/g4685      A2 v -> ZN ^   NAND2_X1  0.170  3.284    1.996  
      mul_58_40/g4669      A ^ -> ZN v    INV_X2    0.080  3.364    2.076  
      mul_58_40/g4623      A1 v -> ZN ^   NAND2_X1  0.101  3.465    2.177  
      mul_58_40/g4614      A2 ^ -> ZN v   NAND2_X1  0.090  3.554    2.267  
      mul_58_40/g4603      A v -> ZN ^    INV_X4    0.086  3.640    2.352  
      mul_58_40/g4569      A2 ^ -> ZN v   NAND2_X1  0.064  3.704    2.416  
      mul_58_40/g4565      A2 v -> ZN ^   NAND2_X1  0.159  3.863    2.575  
      mul_58_40/g4557      A ^ -> ZN v    INV_X1    0.065  3.928    2.640  
      mul_58_40/g4536      A2 v -> ZN ^   NAND2_X1  0.135  4.063    2.776  
      mul_58_40/fopt5387   A ^ -> Z ^     BUF_X16   0.155  4.218    2.930  
      mul_58_40/g4471      A1 ^ -> ZN v   NAND2_X1  0.058  4.276    2.989  
      mul_58_40/g4467      A1 v -> ZN ^   NAND2_X1  0.105  4.381    3.093  
      mul_58_40/g4454      A1 ^ -> ZN v   NAND4_X1  0.140  4.521    3.234  
      mul_58_40/g4445      A2 v -> ZN ^   NAND3_X1  0.206  4.727    3.440  
      mul_58_40/g4438      A2 ^ -> ZN v   NAND2_X1  0.109  4.836    3.548  
      mul_58_40/g4435      A v -> ZN ^    OAI21_X1  0.232  5.068    3.780  
      mult_result_reg[14]  SI ^           SDFFR_X2  0.000  5.068    3.780  
      ----------------------------------------------------------------------
Path 15: VIOLATED Setup Check with Pin mult_result_reg[14]/CK 
Endpoint:   mult_result_reg[14]/SI (^) checked with  leading edge of 'clk'
Beginpoint: coef_sel[1]            (v) triggered by  leading edge of 'clk'
Path Groups: {clk}
Other End Arrival Time          0.000
- Setup                         1.020
+ Phase Shift                   5.000
- Uncertainty                   0.200
= Required Time                 3.780
- Arrival Time                  5.068
= Slack Time                   -1.287
     Clock Rise Edge                      0.000
     + Input Delay                        1.500
     = Beginpoint Arrival Time            1.500
      ----------------------------------------------------------------------
      Instance             Arc            Cell      Delay  Arrival  Required  
                                                           Time     Time  
      ----------------------------------------------------------------------
      -                    coef_sel[1] v  -         -      1.500    0.213  
      g2812                A v -> ZN ^    INV_X32   0.071  1.571    0.283  
      g2806                A1 ^ -> ZN v   NAND2_X4  0.070  1.641    0.353  
      g2800                A v -> ZN ^    INV_X8    0.085  1.726    0.438  
      g2772                A2 ^ -> ZN v   NAND2_X1  0.067  1.793    0.506  
      g2754                A2 v -> ZN ^   NAND2_X1  0.142  1.936    0.648  
      g2748                A ^ -> ZN v    INV_X8    0.070  2.006    0.718  
      g2741                A2 v -> ZN ^   NAND2_X4  0.133  2.139    0.851  
      mul_58_40/g5200      A2 ^ -> ZN v   NAND2_X1  0.106  2.245    0.958  
      mul_58_40/g5168      A v -> ZN ^    INV_X2    0.115  2.360    1.073  
      mul_58_40/g5056      A1 ^ -> ZN v   NAND2_X1  0.089  2.449    1.161  
      mul_58_40/g4984      A2 v -> ZN ^   NAND2_X1  0.126  2.575    1.287  
      mul_58_40/g4877      A1 ^ -> ZN v   NAND2_X1  0.083  2.658    1.371  
      mul_58_40/g4855      A2 v -> ZN ^   NAND2_X1  0.177  2.835    1.548  
      mul_58_40/g4828      A ^ -> ZN v    INV_X1    0.094  2.929    1.642  
      mul_58_40/g4781      A1 v -> ZN ^   NAND2_X1  0.105  3.034    1.747  
      mul_58_40/g4722      A2 ^ -> ZN v   NAND2_X1  0.079  3.113    1.826  
      mul_58_40/g4685      A2 v -> ZN ^   NAND2_X1  0.170  3.284    1.996  
      mul_58_40/g4669      A ^ -> ZN v    INV_X2    0.080  3.364    2.076  
      mul_58_40/g4623      A1 v -> ZN ^   NAND2_X1  0.101  3.465    2.177  
      mul_58_40/g4614      A2 ^ -> ZN v   NAND2_X1  0.090  3.554    2.267  
      mul_58_40/g4603      A v -> ZN ^    INV_X4    0.086  3.640    2.352  
      mul_58_40/g4569      A2 ^ -> ZN v   NAND2_X1  0.064  3.704    2.416  
      mul_58_40/g4565      A2 v -> ZN ^   NAND2_X1  0.159  3.862    2.575  
      mul_58_40/g4557      A ^ -> ZN v    INV_X1    0.065  3.928    2.640  
      mul_58_40/g4536      A2 v -> ZN ^   NAND2_X1  0.135  4.063    2.776  
      mul_58_40/fopt5387   A ^ -> Z ^     BUF_X16   0.155  4.218    2.930  
      mul_58_40/g4471      A1 ^ -> ZN v   NAND2_X1  0.058  4.276    2.989  
      mul_58_40/g4467      A1 v -> ZN ^   NAND2_X1  0.105  4.381    3.093  
      mul_58_40/g4454      A1 ^ -> ZN v   NAND4_X1  0.140  4.521    3.234  
      mul_58_40/g4445      A2 v -> ZN ^   NAND3_X1  0.206  4.727    3.440  
      mul_58_40/g4438      A2 ^ -> ZN v   NAND2_X1  0.109  4.836    3.548  
      mul_58_40/g4435      A v -> ZN ^    OAI21_X1  0.232  5.068    3.780  
      mult_result_reg[14]  SI ^           SDFFR_X2  0.000  5.068    3.780  
      ----------------------------------------------------------------------
Path 16: VIOLATED Setup Check with Pin mult_result_reg[13]/CK 
Endpoint:   mult_result_reg[13]/SI (v) checked with  leading edge of 'clk'
Beginpoint: coef_sel[1]            (v) triggered by  leading edge of 'clk'
Path Groups: {clk}
Other End Arrival Time          0.000
- Setup                         1.082
+ Phase Shift                   5.000
- Uncertainty                   0.200
= Required Time                 3.718
- Arrival Time                  5.004
= Slack Time                   -1.286
     Clock Rise Edge                      0.000
     + Input Delay                        1.500
     = Beginpoint Arrival Time            1.500
      ----------------------------------------------------------------------
      Instance             Arc            Cell      Delay  Arrival  Required  
                                                           Time     Time  
      ----------------------------------------------------------------------
      -                    coef_sel[1] v  -         -      1.500    0.214  
      g2812                A v -> ZN ^    INV_X32   0.071  1.571    0.285  
      g2806                A1 ^ -> ZN v   NAND2_X4  0.070  1.641    0.355  
      g2800                A v -> ZN ^    INV_X8    0.085  1.726    0.440  
      g2771                A2 ^ -> ZN v   NAND2_X1  0.068  1.793    0.507  
      g2766                A2 v -> ZN v   AND2_X2   0.225  2.018    0.733  
      g2744                A2 v -> ZN ^   NAND2_X4  0.174  2.192    0.906  
      mul_58_40/g5211      A2 ^ -> ZN v   NAND2_X1  0.124  2.316    1.030  
      mul_58_40/fopt5300   A v -> ZN ^    INV_X8    0.089  2.404    1.118  
      mul_58_40/g5027      A1 ^ -> ZN v   NAND2_X1  0.062  2.466    1.180  
      mul_58_40/g4982      A2 v -> ZN ^   NAND2_X1  0.139  2.605    1.319  
      mul_58_40/g4962      A ^ -> ZN v    INV_X2    0.084  2.689    1.403  
      mul_58_40/g4916      A1 v -> ZN ^   NAND2_X4  0.099  2.788    1.502  
      mul_58_40/g4857      A1 ^ -> ZN v   NAND2_X4  0.091  2.879    1.593  
      mul_58_40/g4833      A v -> ZN ^    INV_X8    0.079  2.958    1.672  
      mul_58_40/g4781      A2 ^ -> ZN v   NAND2_X1  0.061  3.019    1.733  
      mul_58_40/g4722      A2 v -> ZN ^   NAND2_X1  0.113  3.132    1.847  
      mul_58_40/g4685      A2 ^ -> ZN v   NAND2_X1  0.098  3.230    1.945  
      mul_58_40/g4669      A v -> ZN ^    INV_X2    0.096  3.327    2.041  
      mul_58_40/g4623      A1 ^ -> ZN v   NAND2_X1  0.067  3.393    2.107  
      mul_58_40/g4614      A2 v -> ZN ^   NAND2_X1  0.142  3.535    2.250  
      mul_58_40/g4603      A ^ -> ZN v    INV_X4    0.068  3.604    2.318  
      mul_58_40/g4569      A2 v -> ZN ^   NAND2_X1  0.109  3.713    2.427  
      mul_58_40/g4565      A2 ^ -> ZN v   NAND2_X1  0.095  3.808    2.522  
      mul_58_40/g4557      A v -> ZN ^    INV_X1    0.075  3.883    2.597  
      mul_58_40/g4536      A2 ^ -> ZN v   NAND2_X1  0.066  3.949    2.664  
      mul_58_40/g4499      A2 v -> ZN ^   NAND2_X1  0.133  4.083    2.797  
      mul_58_40/fopt5319   A ^ -> ZN v    INV_X1    0.060  4.143    2.857  
      mul_58_40/g5242      A1 v -> ZN v   AND3_X2   0.178  4.321    3.035  
      mul_58_40/g4462      A1 v -> ZN ^   NAND2_X1  0.100  4.421    3.135  
      mul_58_40/g4453      A1 ^ -> ZN v   NAND3_X1  0.125  4.546    3.260  
      mul_58_40/g4443      A1 v -> ZN ^   NAND2_X1  0.148  4.694    3.409  
      mul_58_40/g4441      A2 ^ -> ZN v   NAND2_X1  0.093  4.788    3.502  
      mul_58_40/g4432      A1 v -> ZN ^   NAND2_X1  0.110  4.897    3.611  
      mul_58_40/g4431      A1 ^ -> ZN v   NAND2_X1  0.107  5.004    3.718  
      mult_result_reg[13]  SI v           SDFFR_X2  0.000  5.004    3.718  
      ----------------------------------------------------------------------
Path 17: VIOLATED Setup Check with Pin mult_result_reg[13]/CK 
Endpoint:   mult_result_reg[13]/SI (v) checked with  leading edge of 'clk'
Beginpoint: coef_sel[1]            (v) triggered by  leading edge of 'clk'
Path Groups: {clk}
Other End Arrival Time          0.000
- Setup                         1.082
+ Phase Shift                   5.000
- Uncertainty                   0.200
= Required Time                 3.718
- Arrival Time                  5.003
= Slack Time                   -1.285
     Clock Rise Edge                      0.000
     + Input Delay                        1.500
     = Beginpoint Arrival Time            1.500
      ----------------------------------------------------------------------
      Instance             Arc            Cell      Delay  Arrival  Required  
                                                           Time     Time  
      ----------------------------------------------------------------------
      -                    coef_sel[1] v  -         -      1.500    0.215  
      g2812                A v -> ZN ^    INV_X32   0.071  1.571    0.285  
      g2819                A2 ^ -> ZN v   NAND2_X1  0.078  1.649    0.364  
      fopt                 A v -> ZN ^    INV_X8    0.119  1.768    0.483  
      g2778                A1 ^ -> ZN v   NAND2_X4  0.076  1.844    0.558  
      g2764                A1 v -> ZN ^   NAND2_X1  0.105  1.949    0.663  
      g2759                A ^ -> ZN v    INV_X2    0.073  2.022    0.737  
      g2738                A1 v -> ZN ^   NAND2_X4  0.147  2.169    0.884  
      mul_58_40/g5125      A2 ^ -> ZN v   NAND2_X1  0.128  2.296    1.011  
      mul_58_40/g5089      A v -> ZN ^    INV_X1    0.078  2.374    1.089  
      mul_58_40/g5072      A2 ^ -> ZN v   NAND2_X1  0.057  2.431    1.146  
      mul_58_40/g4994      A2 v -> ZN ^   NAND2_X1  0.165  2.597    1.312  
      mul_58_40/g4972      A ^ -> ZN v    INV_X4    0.076  2.673    1.387  
      mul_58_40/g4887      A2 v -> ZN ^   NAND2_X1  0.119  2.792    1.506  
      mul_58_40/g4862      A1 ^ -> ZN v   NAND2_X1  0.109  2.900    1.615  
      mul_58_40/g4841      A v -> ZN ^    INV_X1    0.101  3.001    1.716  
      mul_58_40/g4756      A2 ^ -> ZN v   NAND2_X1  0.069  3.070    1.784  
      mul_58_40/g4730      A2 v -> ZN ^   NAND2_X1  0.158  3.228    1.943  
      mul_58_40/g4714      A ^ -> ZN v    INV_X1    0.070  3.298    2.013  
      mul_58_40/g4662      A1 v -> ZN ^   NAND2_X1  0.133  3.431    2.146  
      mul_58_40/g4654      A1 ^ -> ZN v   NAND2_X4  0.108  3.539    2.254  
      mul_58_40/g4640      A v -> ZN ^    INV_X8    0.089  3.628    2.343  
      mul_58_40/g4594      A1 ^ -> ZN v   NAND2_X1  0.066  3.693    2.408  
      mul_58_40/g4584      A1 v -> ZN ^   NAND2_X1  0.134  3.827    2.542  
      mul_58_40/g4560      A1 ^ -> ZN v   NAND2_X4  0.100  3.928    2.643  
      mul_58_40/g4549      A v -> ZN ^    INV_X8    0.094  4.022    2.737  
      mul_58_40/g4504      A2 ^ -> ZN v   NAND2_X4  0.095  4.117    2.832  
      mul_58_40/g5242      A2 v -> ZN v   AND3_X2   0.203  4.320    3.035  
      mul_58_40/g4462      A1 v -> ZN ^   NAND2_X1  0.100  4.420    3.135  
      mul_58_40/g4453      A1 ^ -> ZN v   NAND3_X1  0.125  4.545    3.260  
      mul_58_40/g4443      A1 v -> ZN ^   NAND2_X1  0.148  4.694    3.409  
      mul_58_40/g4441      A2 ^ -> ZN v   NAND2_X1  0.093  4.787    3.502  
      mul_58_40/g4432      A1 v -> ZN ^   NAND2_X1  0.110  4.897    3.611  
      mul_58_40/g4431      A1 ^ -> ZN v   NAND2_X1  0.107  5.003    3.718  
      mult_result_reg[13]  SI v           SDFFR_X2  0.000  5.003    3.718  
      ----------------------------------------------------------------------
Path 18: VIOLATED Setup Check with Pin mult_result_reg[13]/CK 
Endpoint:   mult_result_reg[13]/SI (v) checked with  leading edge of 'clk'
Beginpoint: coef_sel[0]            (^) triggered by  leading edge of 'clk'
Path Groups: {clk}
Other End Arrival Time          0.000
- Setup                         1.082
+ Phase Shift                   5.000
- Uncertainty                   0.200
= Required Time                 3.718
- Arrival Time                  5.003
= Slack Time                   -1.285
     Clock Rise Edge                      0.000
     + Input Delay                        1.500
     = Beginpoint Arrival Time            1.500
      ----------------------------------------------------------------------
      Instance             Arc            Cell      Delay  Arrival  Required  
                                                           Time     Time  
      ----------------------------------------------------------------------
      -                    coef_sel[0] ^  -         -      1.500    0.215  
      g2815                A ^ -> ZN v    INV_X32   0.015  1.515    0.230  
      g2809                A2 v -> ZN ^   NAND2_X1  0.120  1.636    0.351  
      g2805                A ^ -> ZN v    INV_X8    0.073  1.709    0.424  
      g2777                A2 v -> ZN ^   NAND2_X1  0.110  1.819    0.534  
      g2764                A2 ^ -> ZN v   NAND2_X1  0.086  1.905    0.620  
      g2759                A v -> ZN ^    INV_X2    0.115  2.021    0.736  
      g2738                A1 ^ -> ZN v   NAND2_X4  0.101  2.122    0.837  
      mul_58_40/g5125      A2 v -> ZN ^   NAND2_X1  0.164  2.286    1.001  
      mul_58_40/g5089      A ^ -> ZN v    INV_X1    0.065  2.351    1.066  
      mul_58_40/g5072      A2 v -> ZN ^   NAND2_X1  0.109  2.460    1.175  
      mul_58_40/g4994      A2 ^ -> ZN v   NAND2_X1  0.098  2.558    1.273  
      mul_58_40/g4920      A2 v -> ZN ^   NAND2_X1  0.159  2.717    1.432  
      mul_58_40/g4819      A1 ^ -> ZN v   NAND2_X4  0.099  2.815    1.530  
      mul_58_40/fopt5324   A v -> ZN ^    INV_X8    0.081  2.897    1.612  
      mul_58_40/g4782      A2 ^ -> ZN v   NAND2_X1  0.062  2.958    1.673  
      mul_58_40/g4727      A2 v -> ZN ^   NAND2_X1  0.142  3.101    1.816  
      mul_58_40/g4711      A ^ -> ZN v    INV_X4    0.072  3.172    1.887  
      mul_58_40/g4658      A1 v -> ZN ^   NAND2_X1  0.133  3.305    2.020  
      mul_58_40/g4652      A1 ^ -> ZN v   NAND2_X4  0.104  3.409    2.124  
      mul_58_40/g4638      A v -> ZN ^    INV_X8    0.087  3.496    2.211  
      mul_58_40/g4597      A1 ^ -> ZN v   NAND2_X1  0.065  3.562    2.276  
      mul_58_40/g4587      A1 v -> ZN ^   NAND2_X1  0.128  3.690    2.405  
      mul_58_40/g4577      A ^ -> ZN v    INV_X2    0.084  3.774    2.489  
      mul_58_40/g4539      A1 v -> ZN ^   NAND2_X4  0.099  3.873    2.588  
      mul_58_40/g4534      A1 ^ -> ZN v   NAND2_X4  0.085  3.958    2.673  
      mul_58_40/g4527      A v -> ZN ^    INV_X8    0.081  4.040    2.754  
      mul_58_40/g4504      A1 ^ -> ZN v   NAND2_X4  0.077  4.117    2.832  
      mul_58_40/g5242      A2 v -> ZN v   AND3_X2   0.203  4.320    3.035  
      mul_58_40/g4462      A1 v -> ZN ^   NAND2_X1  0.100  4.420    3.135  
      mul_58_40/g4453      A1 ^ -> ZN v   NAND3_X1  0.125  4.545    3.260  
      mul_58_40/g4443      A1 v -> ZN ^   NAND2_X1  0.148  4.694    3.409  
      mul_58_40/g4441      A2 ^ -> ZN v   NAND2_X1  0.093  4.787    3.502  
      mul_58_40/g4432      A1 v -> ZN ^   NAND2_X1  0.110  4.896    3.611  
      mul_58_40/g4431      A1 ^ -> ZN v   NAND2_X1  0.107  5.003    3.718  
      mult_result_reg[13]  SI v           SDFFR_X2  0.000  5.003    3.718  
      ----------------------------------------------------------------------
Path 19: VIOLATED Setup Check with Pin mult_result_reg[13]/CK 
Endpoint:   mult_result_reg[13]/SI (v) checked with  leading edge of 'clk'
Beginpoint: coef_sel[1]            (v) triggered by  leading edge of 'clk'
Path Groups: {clk}
Other End Arrival Time          0.000
- Setup                         1.082
+ Phase Shift                   5.000
- Uncertainty                   0.200
= Required Time                 3.718
- Arrival Time                  5.000
= Slack Time                   -1.282
     Clock Rise Edge                      0.000
     + Input Delay                        1.500
     = Beginpoint Arrival Time            1.500
      ----------------------------------------------------------------------
      Instance             Arc            Cell      Delay  Arrival  Required  
                                                           Time     Time  
      ----------------------------------------------------------------------
      -                    coef_sel[1] v  -         -      1.500    0.218  
      g2812                A v -> ZN ^    INV_X32   0.071  1.571    0.288  
      g2819                A2 ^ -> ZN v   NAND2_X1  0.078  1.649    0.366  
      fopt                 A v -> ZN ^    INV_X8    0.119  1.768    0.485  
      g2776                A1 ^ -> ZN v   NAND2_X4  0.078  1.846    0.564  
      g2836                A1 v -> ZN v   AND2_X2   0.198  2.045    0.762  
      g2744                A1 v -> ZN ^   NAND2_X4  0.139  2.184    0.901  
      mul_58_40/g5211      A2 ^ -> ZN v   NAND2_X1  0.124  2.307    1.025  
      mul_58_40/fopt5300   A v -> ZN ^    INV_X8    0.089  2.396    1.113  
      mul_58_40/g5027      A1 ^ -> ZN v   NAND2_X1  0.062  2.458    1.176  
      mul_58_40/g4982      A2 v -> ZN ^   NAND2_X1  0.139  2.597    1.314  
      mul_58_40/g4873      A2 ^ -> ZN v   NAND2_X1  0.114  2.711    1.429  
      mul_58_40/g4857      A2 v -> ZN ^   NAND2_X4  0.163  2.874    1.592  
      mul_58_40/g4833      A ^ -> ZN v    INV_X8    0.065  2.939    1.656  
      mul_58_40/g4781      A2 v -> ZN ^   NAND2_X1  0.109  3.047    1.765  
      mul_58_40/g4722      A2 ^ -> ZN v   NAND2_X1  0.079  3.127    1.844  
      mul_58_40/g4685      A2 v -> ZN ^   NAND2_X1  0.170  3.297    2.014  
      mul_58_40/g4628      A2 ^ -> ZN v   NAND2_X1  0.106  3.403    2.120  
      mul_58_40/g4614      A1 v -> ZN ^   NAND2_X1  0.129  3.532    2.250  
      mul_58_40/g4603      A ^ -> ZN v    INV_X4    0.068  3.600    2.318  
      mul_58_40/g4569      A2 v -> ZN ^   NAND2_X1  0.109  3.709    2.427  
      mul_58_40/g4565      A2 ^ -> ZN v   NAND2_X1  0.095  3.805    2.522  
      mul_58_40/g4557      A v -> ZN ^    INV_X1    0.075  3.880    2.597  
      mul_58_40/g4536      A2 ^ -> ZN v   NAND2_X1  0.066  3.946    2.664  
      mul_58_40/g4499      A2 v -> ZN ^   NAND2_X1  0.133  4.080    2.797  
      mul_58_40/fopt5319   A ^ -> ZN v    INV_X1    0.060  4.140    2.857  
      mul_58_40/g5242      A1 v -> ZN v   AND3_X2   0.178  4.318    3.035  
      mul_58_40/g4462      A1 v -> ZN ^   NAND2_X1  0.100  4.418    3.135  
      mul_58_40/g4453      A1 ^ -> ZN v   NAND3_X1  0.125  4.543    3.260  
      mul_58_40/g4443      A1 v -> ZN ^   NAND2_X1  0.148  4.691    3.409  
      mul_58_40/g4441      A2 ^ -> ZN v   NAND2_X1  0.093  4.784    3.502  
      mul_58_40/g4432      A1 v -> ZN ^   NAND2_X1  0.110  4.894    3.611  
      mul_58_40/g4431      A1 ^ -> ZN v   NAND2_X1  0.107  5.000    3.718  
      mult_result_reg[13]  SI v           SDFFR_X2  0.000  5.000    3.718  
      ----------------------------------------------------------------------
Path 20: VIOLATED Setup Check with Pin mult_result_reg[13]/CK 
Endpoint:   mult_result_reg[13]/SI (v) checked with  leading edge of 'clk'
Beginpoint: coef_sel[0]            (^) triggered by  leading edge of 'clk'
Path Groups: {clk}
Other End Arrival Time          0.000
- Setup                         1.082
+ Phase Shift                   5.000
- Uncertainty                   0.200
= Required Time                 3.718
- Arrival Time                  5.000
= Slack Time                   -1.282
     Clock Rise Edge                      0.000
     + Input Delay                        1.500
     = Beginpoint Arrival Time            1.500
      ----------------------------------------------------------------------
      Instance             Arc            Cell      Delay  Arrival  Required  
                                                           Time     Time  
      ----------------------------------------------------------------------
      -                    coef_sel[0] ^  -         -      1.500    0.218  
      g2815                A ^ -> ZN v    INV_X32   0.015  1.515    0.233  
      g2809                A2 v -> ZN ^   NAND2_X1  0.120  1.636    0.353  
      g2805                A ^ -> ZN v    INV_X8    0.073  1.709    0.427  
      g2775                A2 v -> ZN ^   NAND2_X1  0.111  1.820    0.537  
      g2836                A2 ^ -> ZN ^   AND2_X2   0.203  2.023    0.741  
      g2744                A1 ^ -> ZN v   NAND2_X4  0.094  2.117    0.835  
      mul_58_40/g5211      A2 v -> ZN ^   NAND2_X1  0.165  2.282    1.000  
      mul_58_40/fopt5300   A ^ -> ZN v    INV_X8    0.073  2.355    1.072  
      mul_58_40/g5027      A1 v -> ZN ^   NAND2_X1  0.099  2.454    1.171  
      mul_58_40/g4982      A2 ^ -> ZN v   NAND2_X1  0.090  2.544    1.261  
      mul_58_40/g4962      A v -> ZN ^    INV_X2    0.120  2.663    1.381  
      mul_58_40/g4916      A1 ^ -> ZN v   NAND2_X4  0.081  2.745    1.462  
      mul_58_40/g4857      A1 v -> ZN ^   NAND2_X4  0.118  2.863    1.580  
      mul_58_40/g4833      A ^ -> ZN v    INV_X8    0.065  2.927    1.645  
      mul_58_40/g4781      A2 v -> ZN ^   NAND2_X1  0.109  3.036    1.753  
      mul_58_40/g4722      A2 ^ -> ZN v   NAND2_X1  0.079  3.115    1.833  
      mul_58_40/g4685      A2 v -> ZN ^   NAND2_X1  0.170  3.285    2.003  
      mul_58_40/g4669      A ^ -> ZN v    INV_X2    0.080  3.366    2.083  
      mul_58_40/g4623      A1 v -> ZN ^   NAND2_X1  0.101  3.466    2.184  
      mul_58_40/g4614      A2 ^ -> ZN v   NAND2_X1  0.090  3.556    2.274  
      mul_58_40/g4603      A v -> ZN ^    INV_X4    0.086  3.642    2.359  
      mul_58_40/g4569      A2 ^ -> ZN v   NAND2_X1  0.064  3.706    2.423  
      mul_58_40/g4565      A2 v -> ZN ^   NAND2_X1  0.159  3.864    2.582  
      mul_58_40/g4557      A ^ -> ZN v    INV_X1    0.065  3.929    2.647  
      mul_58_40/g4536      A2 v -> ZN ^   NAND2_X1  0.135  4.065    2.782  
      mul_58_40/g4499      A2 ^ -> ZN v   NAND2_X1  0.101  4.165    2.883  
      mul_58_40/fopt5319   A v -> ZN ^    INV_X1    0.077  4.243    2.960  
      mul_58_40/g5242      A1 ^ -> ZN ^   AND3_X2   0.172  4.415    3.132  
      mul_58_40/g4462      A1 ^ -> ZN v   NAND2_X1  0.067  4.481    3.199  
      mul_58_40/g4453      A1 v -> ZN ^   NAND3_X1  0.165  4.646    3.363  
      mul_58_40/g4443      A1 ^ -> ZN v   NAND2_X1  0.125  4.771    3.488  
      mul_58_40/g5289      A2 v -> ZN ^   NAND2_X1  0.129  4.899    3.617  
      mul_58_40/g4431      A2 ^ -> ZN v   NAND2_X1  0.101  5.000    3.718  
      mult_result_reg[13]  SI v           SDFFR_X2  0.000  5.000    3.718  
      ----------------------------------------------------------------------

