###############################################################
#  Generated by:      Cadence Tempus 20.10-p003_1
#  OS:                Linux x86_64(Host ID edatools-server1.iiitd.edu.in)
#  Generated on:      Sat Sep 19 15:18:35 2026
#  Design:            simple_mac
#  Command:           report_constraints -all_violators > ../sta_report/baseline_violators.rpt
###############################################################
# format : frame 0 : split 1

max_delay/setup
---------------------------
      ------------------------------------------------------------------------------------------------  
       End Point                                  Slack      Cause                                      
      ------------------------------------------------------------------------------------------------  
      mult_result_reg[14]/SI r                   -1.309     VIOLATED
      mult_result_reg[13]/SI f                   -1.302     VIOLATED
      mult_result_reg[11]/SI f                   -1.249     VIOLATED
      mult_result_reg[12]/SI r                   -1.229     VIOLATED
      mult_result_reg[15]/SI f                   -1.221     VIOLATED
      mult_result_reg[10]/SI r                   -1.180     VIOLATED
      mult_result_reg[8]/SI r                    -1.070     VIOLATED
      mult_result_reg[9]/SI f                    -1.038     VIOLATED
      mult_result_reg[7]/SI r                    -0.764     VIOLATED
      mult_result_reg[6]/SI r                    -0.533     VIOLATED
      mult_result_reg[5]/D f                     -0.469     VIOLATED
      acc_out_reg[14]/D f                        -0.361     VIOLATED
      acc_out_reg[11]/D f                        -0.308     VIOLATED
      acc_out_reg[15]/D f                        -0.299     VIOLATED
      acc_out_reg[13]/D f                        -0.275     VIOLATED
      mult_result_reg[4]/D f                     -0.209     VIOLATED
      acc_out_reg[10]/D f                        -0.057     VIOLATED
      acc_out_reg[4]/D f                         -0.021     VIOLATED
      acc_out_reg[12]/D f                        -0.020     VIOLATED
      acc_out_reg[9]/D f                         -0.020     VIOLATED
      acc_out_reg[8]/D f                         -0.020     VIOLATED
      acc_out_reg[1]/D f                         -0.020     VIOLATED
      acc_out_reg[0]/D f                         -0.020     VIOLATED
      acc_out_reg[2]/D f                         -0.020     VIOLATED
      acc_out_reg[6]/D f                         -0.020     VIOLATED
      acc_out_reg[5]/D f                         -0.020     VIOLATED
      acc_out_reg[3]/D f                         -0.020     VIOLATED
      acc_out_reg[7]/D f                         -0.020     VIOLATED
      ------------------------------------------------------------------------------------------------

min_delay/hold
---------------------------
No paths found

Check type : clock_period
---------------------------
No paths found

Check type : skew
---------------------------
No paths found

Check type : pulse_width
---------------------------
 No violating Checks with given description found

Check type : max_transition
---------------------------
 No Violations found

Check type : min_transition
---------------------------
 No Violations found

Check type : max_capacitance
---------------------------
 No Violations found

Check type : min_capacitance
---------------------------
 No Violations found

Check type : max_fanout
---------------------------
 No Violations found

Check type : min_fanout
---------------------------
 No Violations found
