###############################################################
#  Generated by:      Cadence Tempus 20.10-p003_1
#  OS:                Linux x86_64(Host ID edatools-server1.iiitd.edu.in)
#  Generated on:      Sat Sep 19 15:18:35 2026
#  Design:            simple_mac
#  Command:           report_timing -late -path_group default -nworst 3   > ../sta_report/baseline_default.rpt
###############################################################
Path 1: VIOLATED Setup Check with Pin mult_result_reg[14]/CK 
Endpoint:   mult_result_reg[14]/SI (^) checked with  leading edge of 'clk'
Beginpoint: coef_sel[1]            (v) triggered by  leading edge of 'clk'
Path Groups: {default}
Other End Arrival Time          0.000
- Setup                         1.020
+ Phase Shift                   5.000
- Uncertainty                   0.200
= Required Time                 3.780
- Arrival Time                  5.089
= Slack Time                   -1.309
     Clock Rise Edge                      0.000
     + Input Delay                        1.500
     = Beginpoint Arrival Time            1.500
      ----------------------------------------------------------------------
      Instance             Arc            Cell      Delay  Arrival  Required  
                                                           Time     Time  
      ----------------------------------------------------------------------
      -                    coef_sel[1] v  -         -      1.500    0.191  
      g2812                A v -> ZN ^    INV_X32   0.071  1.571    0.262  
      g2806                A1 ^ -> ZN v   NAND2_X4  0.070  1.641    0.332  
      g2800                A v -> ZN ^    INV_X8    0.085  1.726    0.417  
      g2771                A2 ^ -> ZN v   NAND2_X1  0.068  1.793    0.484  
      g2766                A2 v -> ZN v   AND2_X2   0.225  2.019    0.710  
      g2744                A2 v -> ZN ^   NAND2_X4  0.174  2.192    0.883  
      mul_58_40/g5211      A2 ^ -> ZN v   NAND2_X1  0.124  2.316    1.007  
      mul_58_40/fopt5300   A v -> ZN ^    INV_X8    0.089  2.404    1.095  
      mul_58_40/g5027      A1 ^ -> ZN v   NAND2_X1  0.062  2.466    1.157  
      mul_58_40/g4982      A2 v -> ZN ^   NAND2_X1  0.139  2.605    1.296  
      mul_58_40/g4873      A2 ^ -> ZN v   NAND2_X1  0.114  2.719    1.410  
      mul_58_40/g4857      A2 v -> ZN ^   NAND2_X4  0.163  2.882    1.574  
      mul_58_40/g4833      A ^ -> ZN v    INV_X8    0.065  2.947    1.638  
      mul_58_40/g4781      A2 v -> ZN ^   NAND2_X1  0.109  3.055    1.747  
      mul_58_40/g4722      A2 ^ -> ZN v   NAND2_X1  0.079  3.135    1.826  
      mul_58_40/g4685      A2 v -> ZN ^   NAND2_X1  0.170  3.305    1.996  
      mul_58_40/g4669      A ^ -> ZN v    INV_X2    0.080  3.385    2.076  
      mul_58_40/g4623      A1 v -> ZN ^   NAND2_X1  0.101  3.486    2.177  
      mul_58_40/g4614      A2 ^ -> ZN v   NAND2_X1  0.090  3.576    2.267  
      mul_58_40/g4603      A v -> ZN ^    INV_X4    0.086  3.661    2.352  
      mul_58_40/g4569      A2 ^ -> ZN v   NAND2_X1  0.064  3.725    2.416  
      mul_58_40/g4565      A2 v -> ZN ^   NAND2_X1  0.159  3.884    2.575  
      mul_58_40/g4557      A ^ -> ZN v    INV_X1    0.065  3.949    2.640  
      mul_58_40/g4536      A2 v -> ZN ^   NAND2_X1  0.135  4.084    2.776  
      mul_58_40/fopt5387   A ^ -> Z ^     BUF_X16   0.155  4.239    2.930  
      mul_58_40/g4471      A1 ^ -> ZN v   NAND2_X1  0.058  4.298    2.989  
      mul_58_40/g4467      A1 v -> ZN ^   NAND2_X1  0.105  4.402    3.093  
      mul_58_40/g4454      A1 ^ -> ZN v   NAND4_X1  0.140  4.543    3.234  
      mul_58_40/g4445      A2 v -> ZN ^   NAND3_X1  0.206  4.749    3.440  
      mul_58_40/g4438      A2 ^ -> ZN v   NAND2_X1  0.109  4.857    3.548  
      mul_58_40/g4435      A v -> ZN ^    OAI21_X1  0.232  5.089    3.780  
      mult_result_reg[14]  SI ^           SDFFR_X2  0.000  5.089    3.780  
      ----------------------------------------------------------------------
Path 2: VIOLATED Setup Check with Pin mult_result_reg[13]/CK 
Endpoint:   mult_result_reg[13]/SI (v) checked with  leading edge of 'clk'
Beginpoint: coef_sel[1]            (v) triggered by  leading edge of 'clk'
Path Groups: {default}
Other End Arrival Time          0.000
- Setup                         1.082
+ Phase Shift                   5.000
- Uncertainty                   0.200
= Required Time                 3.718
- Arrival Time                  5.020
= Slack Time                   -1.302
     Clock Rise Edge                      0.000
     + Input Delay                        1.500
     = Beginpoint Arrival Time            1.500
      ----------------------------------------------------------------------
      Instance             Arc            Cell      Delay  Arrival  Required  
                                                           Time     Time  
      ----------------------------------------------------------------------
      -                    coef_sel[1] v  -         -      1.500    0.198  
      g2812                A v -> ZN ^    INV_X32   0.071  1.571    0.268  
      g2806                A1 ^ -> ZN v   NAND2_X4  0.070  1.641    0.339  
      g2800                A v -> ZN ^    INV_X8    0.085  1.726    0.423  
      g2771                A2 ^ -> ZN v   NAND2_X1  0.068  1.793    0.491  
      g2766                A2 v -> ZN v   AND2_X2   0.225  2.019    0.716  
      g2744                A2 v -> ZN ^   NAND2_X4  0.174  2.192    0.890  
      mul_58_40/g5211      A2 ^ -> ZN v   NAND2_X1  0.124  2.316    1.013  
      mul_58_40/fopt5300   A v -> ZN ^    INV_X8    0.089  2.404    1.102  
      mul_58_40/g5027      A1 ^ -> ZN v   NAND2_X1  0.062  2.466    1.164  
      mul_58_40/g4982      A2 v -> ZN ^   NAND2_X1  0.139  2.605    1.303  
      mul_58_40/g4873      A2 ^ -> ZN v   NAND2_X1  0.114  2.719    1.417  
      mul_58_40/g4857      A2 v -> ZN ^   NAND2_X4  0.163  2.882    1.580  
      mul_58_40/g4833      A ^ -> ZN v    INV_X8    0.065  2.947    1.645  
      mul_58_40/g4781      A2 v -> ZN ^   NAND2_X1  0.109  3.055    1.753  
      mul_58_40/g4722      A2 ^ -> ZN v   NAND2_X1  0.079  3.135    1.833  
      mul_58_40/g4685      A2 v -> ZN ^   NAND2_X1  0.170  3.305    2.003  
      mul_58_40/g4669      A ^ -> ZN v    INV_X2    0.080  3.385    2.083  
      mul_58_40/g4623      A1 v -> ZN ^   NAND2_X1  0.101  3.486    2.184  
      mul_58_40/g4614      A2 ^ -> ZN v   NAND2_X1  0.090  3.576    2.274  
      mul_58_40/g4603      A v -> ZN ^    INV_X4    0.086  3.661    2.359  
      mul_58_40/g4569      A2 ^ -> ZN v   NAND2_X1  0.064  3.725    2.423  
      mul_58_40/g4565      A2 v -> ZN ^   NAND2_X1  0.159  3.884    2.582  
      mul_58_40/g4557      A ^ -> ZN v    INV_X1    0.065  3.949    2.647  
      mul_58_40/g4536      A2 v -> ZN ^   NAND2_X1  0.135  4.084    2.782  
      mul_58_40/g4499      A2 ^ -> ZN v   NAND2_X1  0.101  4.185    2.883  
      mul_58_40/fopt5319   A v -> ZN ^    INV_X1    0.077  4.262    2.960  
      mul_58_40/g5242      A1 ^ -> ZN ^   AND3_X2   0.172  4.434    3.132  
      mul_58_40/g4462      A1 ^ -> ZN v   NAND2_X1  0.067  4.501    3.199  
      mul_58_40/g4453      A1 v -> ZN ^   NAND3_X1  0.165  4.666    3.363  
      mul_58_40/g4443      A1 ^ -> ZN v   NAND2_X1  0.125  4.790    3.488  
      mul_58_40/g5289      A2 v -> ZN ^   NAND2_X1  0.129  4.919    3.617  
      mul_58_40/g4431      A2 ^ -> ZN v   NAND2_X1  0.101  5.020    3.718  
      mult_result_reg[13]  SI v           SDFFR_X2  0.000  5.020    3.718  
      ----------------------------------------------------------------------
Path 3: VIOLATED Setup Check with Pin mult_result_reg[14]/CK 
Endpoint:   mult_result_reg[14]/SI (^) checked with  leading edge of 'clk'
Beginpoint: coef_sel[1]            (v) triggered by  leading edge of 'clk'
Path Groups: {default}
Other End Arrival Time          0.000
- Setup                         1.020
+ Phase Shift                   5.000
- Uncertainty                   0.200
= Required Time                 3.780
- Arrival Time                  5.081
= Slack Time                   -1.301
     Clock Rise Edge                      0.000
     + Input Delay                        1.500
     = Beginpoint Arrival Time            1.500
      ----------------------------------------------------------------------
      Instance             Arc            Cell      Delay  Arrival  Required  
                                                           Time     Time  
      ----------------------------------------------------------------------
      -                    coef_sel[1] v  -         -      1.500    0.199  
      g2812                A v -> ZN ^    INV_X32   0.071  1.571    0.270  
      g2819                A2 ^ -> ZN v   NAND2_X1  0.078  1.649    0.348  
      fopt                 A v -> ZN ^    INV_X8    0.119  1.768    0.467  
      g2776                A1 ^ -> ZN v   NAND2_X4  0.078  1.846    0.545  
      g2836                A1 v -> ZN v   AND2_X2   0.198  2.045    0.744  
      g2744                A1 v -> ZN ^   NAND2_X4  0.139  2.184    0.883  
      mul_58_40/g5211      A2 ^ -> ZN v   NAND2_X1  0.124  2.307    1.007  
      mul_58_40/fopt5300   A v -> ZN ^    INV_X8    0.089  2.396    1.095  
      mul_58_40/g5027      A1 ^ -> ZN v   NAND2_X1  0.062  2.458    1.157  
      mul_58_40/g4982      A2 v -> ZN ^   NAND2_X1  0.139  2.597    1.296  
      mul_58_40/g4873      A2 ^ -> ZN v   NAND2_X1  0.114  2.711    1.410  
      mul_58_40/g4857      A2 v -> ZN ^   NAND2_X4  0.163  2.874    1.574  
      mul_58_40/g4833      A ^ -> ZN v    INV_X8    0.065  2.939    1.638  
      mul_58_40/g4781      A2 v -> ZN ^   NAND2_X1  0.109  3.047    1.747  
      mul_58_40/g4722      A2 ^ -> ZN v   NAND2_X1  0.079  3.127    1.826  
      mul_58_40/g4685      A2 v -> ZN ^   NAND2_X1  0.170  3.297    1.996  
      mul_58_40/g4669      A ^ -> ZN v    INV_X2    0.080  3.377    2.076  
      mul_58_40/g4623      A1 v -> ZN ^   NAND2_X1  0.101  3.478    2.177  
      mul_58_40/g4614      A2 ^ -> ZN v   NAND2_X1  0.090  3.568    2.267  
      mul_58_40/g4603      A v -> ZN ^    INV_X4    0.086  3.653    2.352  
      mul_58_40/g4569      A2 ^ -> ZN v   NAND2_X1  0.064  3.717    2.416  
      mul_58_40/g4565      A2 v -> ZN ^   NAND2_X1  0.159  3.876    2.575  
      mul_58_40/g4557      A ^ -> ZN v    INV_X1    0.065  3.941    2.640  
      mul_58_40/g4536      A2 v -> ZN ^   NAND2_X1  0.135  4.076    2.776  
      mul_58_40/fopt5387   A ^ -> Z ^     BUF_X16   0.155  4.231    2.930  
      mul_58_40/g4471      A1 ^ -> ZN v   NAND2_X1  0.058  4.289    2.989  
      mul_58_40/g4467      A1 v -> ZN ^   NAND2_X1  0.105  4.394    3.093  
      mul_58_40/g4454      A1 ^ -> ZN v   NAND4_X1  0.140  4.534    3.234  
      mul_58_40/g4445      A2 v -> ZN ^   NAND3_X1  0.206  4.740    3.440  
      mul_58_40/g4438      A2 ^ -> ZN v   NAND2_X1  0.109  4.849    3.548  
      mul_58_40/g4435      A v -> ZN ^    OAI21_X1  0.232  5.081    3.780  
      mult_result_reg[14]  SI ^           SDFFR_X2  0.000  5.081    3.780  
      ----------------------------------------------------------------------

