###############################################################
#  Generated by:      Cadence Tempus 20.10-p003_1
#  OS:                Linux x86_64(Host ID edatools-server1.iiitd.edu.in)
#  Generated on:      Sat Sep 19 15:18:35 2026
#  Design:            simple_mac
#  Command:           report_analysis_coverage                        > ../sta_report/baseline_coverage.rpt
###############################################################
    -------------------------------------------------------------------------------------------  
                                   TIMING CHECK COVERAGE SUMMARY                                  
    -------------------------------------------------------------------------------------------  
     Check Type                      No. of   Met              Violated         Untested         
                                     Checks                                                      
    -------------------------------------------------------------------------------------------  
    ExternalDelay (Early)          18        18 (100%)        0 (0%)           0 (0%)
    ExternalDelay (Late)           18        18 (100%)        0 (0%)           0 (0%)
    Hold                           153       153 (100%)       0 (0%)           0 (0%)
    PulseWidth                     201       134 (66%)        0 (0%)           67 (33%)
    Recovery                       67        0 (0%)           0 (0%)           67 (100%)
    Removal                        67        0 (0%)           0 (0%)           67 (100%)
    Setup                          153       125 (81%)        28 (18%)         0 (0%)
    -------------------------------------------------------------------------------------------
