###############################################################
#  Generated by:      Cadence Tempus 20.10-p003_1
#  OS:                Linux x86_64(Host ID edatools-server1.iiitd.edu.in)
#  Generated on:      Sat Sep 19 16:39:21 2026
#  Design:            simple_mac
#  Command:           report_timing -late -nworst 1  -path_type full_clock > ../sta_report/iter1_top1_detailed.rpt
###############################################################
Path 1: VIOLATED Setup Check with Pin mult_result_reg[14]/CK 
Endpoint:   mult_result_reg[14]/SI (^) checked with  leading edge of 'clk'
Beginpoint: coef_sel[1]            (v) triggered by  leading edge of 'clk'
Path Groups: {clk}
Other End Arrival Time          0.000
- Setup                         1.020
+ Phase Shift                   5.000
- Uncertainty                   0.200
= Required Time                 3.780
- Arrival Time                  5.089
= Slack Time                   -1.309
     Clock Rise Edge                      0.000
     + Input Delay                        1.500
     = Beginpoint Arrival Time            1.500
     Timing Path:
      ----------------------------------------------------------------------
      Instance             Arc            Cell      Delay  Arrival  Required  
                                                           Time     Time  
      ----------------------------------------------------------------------
      -                    coef_sel[1] v  -         -      1.500    0.191  
      g2812                A v -> ZN ^    INV_X32   0.071  1.571    0.262  
      g2806                A1 ^ -> ZN v   NAND2_X4  0.070  1.641    0.332  
      g2800                A v -> ZN ^    INV_X8    0.085  1.726    0.417  
      g2771                A2 ^ -> ZN v   NAND2_X1  0.068  1.793    0.484  
      g2766                A2 v -> ZN v   AND2_X2   0.225  2.019    0.710  
      g2744                A2 v -> ZN ^   NAND2_X4  0.174  2.192    0.883  
      mul_58_40/g5211      A2 ^ -> ZN v   NAND2_X1  0.124  2.316    1.007  
      mul_58_40/fopt5300   A v -> ZN ^    INV_X8    0.089  2.404    1.095  
      mul_58_40/g5027      A1 ^ -> ZN v   NAND2_X1  0.062  2.466    1.157  
      mul_58_40/g4982      A2 v -> ZN ^   NAND2_X1  0.139  2.605    1.296  
      mul_58_40/g4873      A2 ^ -> ZN v   NAND2_X1  0.114  2.719    1.410  
      mul_58_40/g4857      A2 v -> ZN ^   NAND2_X4  0.163  2.882    1.574  
      mul_58_40/g4833      A ^ -> ZN v    INV_X8    0.065  2.947    1.638  
      mul_58_40/g4781      A2 v -> ZN ^   NAND2_X1  0.109  3.055    1.747  
      mul_58_40/g4722      A2 ^ -> ZN v   NAND2_X1  0.079  3.135    1.826  
      mul_58_40/g4685      A2 v -> ZN ^   NAND2_X1  0.170  3.305    1.996  
      mul_58_40/g4669      A ^ -> ZN v    INV_X2    0.080  3.385    2.076  
      mul_58_40/g4623      A1 v -> ZN ^   NAND2_X1  0.101  3.486    2.177  
      mul_58_40/g4614      A2 ^ -> ZN v   NAND2_X1  0.090  3.576    2.267  
      mul_58_40/g4603      A v -> ZN ^    INV_X4    0.086  3.661    2.352  
      mul_58_40/g4569      A2 ^ -> ZN v   NAND2_X1  0.064  3.725    2.416  
      mul_58_40/g4565      A2 v -> ZN ^   NAND2_X1  0.159  3.884    2.575  
      mul_58_40/g4557      A ^ -> ZN v    INV_X1    0.065  3.949    2.640  
      mul_58_40/g4536      A2 v -> ZN ^   NAND2_X1  0.135  4.084    2.776  
      mul_58_40/fopt5387   A ^ -> Z ^     BUF_X16   0.155  4.239    2.930  
      mul_58_40/g4471      A1 ^ -> ZN v   NAND2_X1  0.058  4.298    2.989  
      mul_58_40/g4467      A1 v -> ZN ^   NAND2_X1  0.105  4.402    3.093  
      mul_58_40/g4454      A1 ^ -> ZN v   NAND4_X1  0.140  4.543    3.234  
      mul_58_40/g4445      A2 v -> ZN ^   NAND3_X1  0.206  4.749    3.440  
      mul_58_40/g4438      A2 ^ -> ZN v   NAND2_X1  0.109  4.857    3.548  
      mul_58_40/g4435      A v -> ZN ^    OAI21_X1  0.232  5.089    3.780  
      mult_result_reg[14]  SI ^           SDFFR_X2  0.000  5.089    3.780  
      ----------------------------------------------------------------------
     Clock Rise Edge                      0.000
     = Beginpoint Arrival Time            0.000
     Other End Path:
      --------------------------------------------------------------
      Instance             Arc    Cell      Delay  Arrival  Required  
                                                   Time     Time  
      --------------------------------------------------------------
      -                    clk ^  -         -      0.000    1.309  
      mult_result_reg[14]  CK ^   SDFFR_X2  0.000  0.000    1.309  
      --------------------------------------------------------------

